#
# There is insufficient memory for the Java Runtime Environment to continue.
# Native memory allocation (mmap) failed to map 484442112 bytes for G1 virtual space
# Possible reasons:
#   The system is out of physical RAM or swap space
#   The process is running with CompressedOops enabled, and the Java Heap may be blocking the growth of the native heap
# Possible solutions:
#   Reduce memory load on the system
#   Increase physical memory or swap space
#   Check if swap backing store is full
#   Decrease Java heap size (-Xmx/-Xms)
#   Decrease number of Java threads
#   Decrease Java thread stack sizes (-Xss)
#   Set larger code cache with -XX:ReservedCodeCacheSize=
#   JVM is running with Unscaled Compressed Oops mode in which the Java heap is
#     placed in the first 4GB address space. The Java Heap base address is the
#     maximum limit for the native heap growth. Please use -XX:HeapBaseMinAddress
#     to set the Java Heap base and to place the Java Heap above 4GB virtual address.
# This output file may be truncated or incomplete.
#
#  Out of Memory Error (os_windows.cpp:3550), pid=2444, tid=20996
#
# JRE version: Java(TM) SE Runtime Environment (17.0.8+9) (build 17.0.8+9-LTS-211)
# Java VM: Java HotSpot(TM) 64-Bit Server VM (17.0.8+9-LTS-211, mixed mode, sharing, tiered, compressed oops, compressed class ptrs, g1 gc, windows-amd64)
# No core dump will be written. Minidumps are not enabled by default on client versions of Windows
#

---------------  S U M M A R Y ------------

Command Line: -Dclassworlds.conf=C:\apache-maven-3.9.4\bin\m2.conf -Dmaven.home=C:\apache-maven-3.9.4 -Dlibrary.jansi.path=C:\apache-maven-3.9.4\lib\jansi-native -Dmaven.multiModuleProjectDirectory=D:\Projects\RelocationBuddy\relo_buddy org.codehaus.plexus.classworlds.launcher.Launcher -q -DskipTests package

Host: AMD Ryzen 5 3500U with Radeon Vega Mobile Gfx  , 8 cores, 5G,  Windows 11 , 64 bit Build 22621 (10.0.22621.5415)
Time: Tue Mar 17 17:54:24 2026 India Standard Time elapsed time: 41.780734 seconds (0d 0h 0m 41s)

---------------  T H R E A D  ---------------

Current thread (0x000001c37f01c910):  VMThread "VM Thread" [stack: 0x000000a9e4400000,0x000000a9e4500000] [id=20996]

Stack: [0x000000a9e4400000,0x000000a9e4500000]
Native frames: (J=compiled Java code, j=interpreted, Vv=VM code, C=native code)
V  [jvm.dll+0x677d0a]
V  [jvm.dll+0x7d8c54]
V  [jvm.dll+0x7da3fe]
V  [jvm.dll+0x7daa63]
V  [jvm.dll+0x245c5f]
V  [jvm.dll+0x674bb9]
V  [jvm.dll+0x6694f2]
V  [jvm.dll+0x3031d6]
V  [jvm.dll+0x30a756]
V  [jvm.dll+0x359f9e]
V  [jvm.dll+0x35a1cf]
V  [jvm.dll+0x2da3e8]
V  [jvm.dll+0x2d87f5]
V  [jvm.dll+0x2d7dfc]
V  [jvm.dll+0x31b7f1]
V  [jvm.dll+0x7df26b]
V  [jvm.dll+0x7dffa4]
V  [jvm.dll+0x7e04bd]
V  [jvm.dll+0x7e0894]
V  [jvm.dll+0x7e0960]
V  [jvm.dll+0x788bba]
V  [jvm.dll+0x676b35]
C  [ucrtbase.dll+0x29333]
C  [KERNEL32.DLL+0x1259d]
C  [ntdll.dll+0x5af78]

VM_Operation (0x000000a9e3efd4c8): G1TryInitiateConcMark, mode: safepoint, requested by thread 0x000001c36f2a6980


---------------  P R O C E S S  ---------------

Threads class SMR info:
_java_thread_list=0x000001c356673da0, length=12, elements={
0x000001c36f2a6980, 0x000001c37f020500, 0x000001c37f021370, 0x000001c37f034ae0,
0x000001c37f0375a0, 0x000001c37f037f50, 0x000001c37f038900, 0x000001c37f044ba0,
0x000001c37f045640, 0x000001c37f04bc40, 0x000001c37f2853e0, 0x000001c37f289ce0
}

Java Threads: ( => current thread )
  0x000001c36f2a6980 JavaThread "main" [_thread_blocked, id=11596, stack(0x000000a9e3e00000,0x000000a9e3f00000)]
  0x000001c37f020500 JavaThread "Reference Handler" daemon [_thread_blocked, id=16912, stack(0x000000a9e4500000,0x000000a9e4600000)]
  0x000001c37f021370 JavaThread "Finalizer" daemon [_thread_blocked, id=14684, stack(0x000000a9e4600000,0x000000a9e4700000)]
  0x000001c37f034ae0 JavaThread "Signal Dispatcher" daemon [_thread_blocked, id=1356, stack(0x000000a9e4700000,0x000000a9e4800000)]
  0x000001c37f0375a0 JavaThread "Attach Listener" daemon [_thread_blocked, id=14140, stack(0x000000a9e4800000,0x000000a9e4900000)]
  0x000001c37f037f50 JavaThread "Service Thread" daemon [_thread_blocked, id=11988, stack(0x000000a9e4900000,0x000000a9e4a00000)]
  0x000001c37f038900 JavaThread "Monitor Deflation Thread" daemon [_thread_blocked, id=9532, stack(0x000000a9e4a00000,0x000000a9e4b00000)]
  0x000001c37f044ba0 JavaThread "C2 CompilerThread0" daemon [_thread_blocked, id=20396, stack(0x000000a9e4b00000,0x000000a9e4c00000)]
  0x000001c37f045640 JavaThread "C1 CompilerThread0" daemon [_thread_blocked, id=20252, stack(0x000000a9e4c00000,0x000000a9e4d00000)]
  0x000001c37f04bc40 JavaThread "Sweeper thread" daemon [_thread_blocked, id=15876, stack(0x000000a9e4d00000,0x000000a9e4e00000)]
  0x000001c37f2853e0 JavaThread "Notification Thread" daemon [_thread_blocked, id=16616, stack(0x000000a9e4e00000,0x000000a9e4f00000)]
  0x000001c37f289ce0 JavaThread "Common-Cleaner" daemon [_thread_blocked, id=8704, stack(0x000000a9e5000000,0x000000a9e5100000)]

Other Threads:
=>0x000001c37f01c910 VMThread "VM Thread" [stack: 0x000000a9e4400000,0x000000a9e4500000] [id=20996]
  0x000001c36f3137d0 WatcherThread [stack: 0x000000a9e4f00000,0x000000a9e5000000] [id=20848]
  0x000001c36f2f1550 GCTaskThread "GC Thread#0" [stack: 0x000000a9e3f00000,0x000000a9e4000000] [id=9712]
  0x000001c3540664d0 GCTaskThread "GC Thread#1" [stack: 0x000000a9e5200000,0x000000a9e5300000] [id=5088]
  0x000001c37faebc90 GCTaskThread "GC Thread#2" [stack: 0x000000a9e5300000,0x000000a9e5400000] [id=18968]
  0x000001c37fcaa280 GCTaskThread "GC Thread#3" [stack: 0x000000a9e5400000,0x000000a9e5500000] [id=3284]
  0x000001c37fcaa530 GCTaskThread "GC Thread#4" [stack: 0x000000a9e5500000,0x000000a9e5600000] [id=18348]
  0x000001c37fcaa7e0 GCTaskThread "GC Thread#5" [stack: 0x000000a9e5600000,0x000000a9e5700000] [id=19188]
  0x000001c37fcaaa90 GCTaskThread "GC Thread#6" [stack: 0x000000a9e5700000,0x000000a9e5800000] [id=20700]
  0x000001c37fd0e420 GCTaskThread "GC Thread#7" [stack: 0x000000a9e5800000,0x000000a9e5900000] [id=13304]
  0x000001c36f2fe0d0 ConcurrentGCThread "G1 Main Marker" [stack: 0x000000a9e4000000,0x000000a9e4100000] [id=10144]
  0x000001c36f2feae0 ConcurrentGCThread "G1 Conc#0" [stack: 0x000000a9e4100000,0x000000a9e4200000] [id=21460]
  0x000001c35419b9f0 ConcurrentGCThread "G1 Conc#1" [stack: 0x000000a9e5100000,0x000000a9e5200000] [id=2412]
  0x000001c37eee0090 ConcurrentGCThread "G1 Refine#0" [stack: 0x000000a9e4200000,0x000000a9e4300000] [id=11472]
  0x000001c3549fa6d0 ConcurrentGCThread "G1 Refine#1" [stack: 0x000000a9e5900000,0x000000a9e5a00000] [id=20908]
  0x000001c354de8cb0 ConcurrentGCThread "G1 Refine#2" [stack: 0x000000a9e5a00000,0x000000a9e5b00000] [id=19060]
  0x000001c354bcc040 ConcurrentGCThread "G1 Refine#3" [stack: 0x000000a9e5b00000,0x000000a9e5c00000] [id=19528]
  0x000001c354f5cab0 ConcurrentGCThread "G1 Refine#4" [stack: 0x000000a9e5c00000,0x000000a9e5d00000] [id=8580]
  0x000001c37eee0ab0 ConcurrentGCThread "G1 Service" [stack: 0x000000a9e4300000,0x000000a9e4400000] [id=4244]

Threads with active compile tasks:
C2 CompilerThread0    41840 10609       4       jdk.nio.zipfs.ZipFileSystem::walk (41 bytes)
C1 CompilerThread0    41840 10692       3       sun.nio.fs.WindowsFileSystem::supportedFileAttributeViews (4 bytes)

VM state: at safepoint (normal execution)

VM Mutex/Monitor currently owned by a thread:  ([mutex/lock_event])
[0x000001c36f2a47c0] Threads_lock - owner thread: 0x000001c37f01c910
[0x000001c36f2a4340] Heap_lock - owner thread: 0x000001c36f2a6980

Heap address: 0x00000000a1e00000, size: 1506 MB, Compressed Oops mode: 32-bit

CDS archive(s) mapped at: [0x000001c30f000000-0x000001c30fbd0000-0x000001c30fbd0000), size 12386304, SharedBaseAddress: 0x000001c30f000000, ArchiveRelocationMode: 1.
Compressed class space mapped at: 0x000001c310000000-0x000001c350000000, reserved size: 1073741824
Narrow klass base: 0x000001c30f000000, Narrow klass shift: 0, Narrow klass range: 0x100000000

GC Precious Log:
 CPUs: 8 total, 8 available
 Memory: 6020M
 Large Page Support: Disabled
 NUMA Support: Disabled
 Compressed Oops: Enabled (32-bit)
 Heap Region Size: 1M
 Heap Min Capacity: 8M
 Heap Initial Capacity: 96M
 Heap Max Capacity: 1506M
 Pre-touch: Disabled
 Parallel Workers: 8
 Concurrent Workers: 2
 Concurrent Refinement Workers: 8
 Periodic GC: Disabled

Heap:
 garbage-first heap   total 236544K, used 93190K [0x00000000a1e00000, 0x0000000100000000)
  region size 1024K, 1 young (1024K), 1 survivors (1024K)
 Metaspace       used 35865K, committed 36288K, reserved 1114112K
  class space    used 4020K, committed 4224K, reserved 1048576K

Heap Regions: E=young(eden), S=young(survivor), O=old, HS=humongous(starts), HC=humongous(continues), CS=collection set, F=free, OA=open archive, CA=closed archive, TAMS=top-at-mark-start (previous, next)
|   0|0x00000000a1e00000, 0x00000000a1f00000, 0x00000000a1f00000|100%| O|  |TAMS 0x00000000a1f00000, 0x00000000a1f00000| Untracked 
|   1|0x00000000a1f00000, 0x00000000a2000000, 0x00000000a2000000|100%| O|  |TAMS 0x00000000a2000000, 0x00000000a2000000| Untracked 
|   2|0x00000000a2000000, 0x00000000a2100000, 0x00000000a2100000|100%| O|  |TAMS 0x00000000a2100000, 0x00000000a2100000| Untracked 
|   3|0x00000000a2100000, 0x00000000a2200000, 0x00000000a2200000|100%| O|  |TAMS 0x00000000a2200000, 0x00000000a2200000| Untracked 
|   4|0x00000000a2200000, 0x00000000a2300000, 0x00000000a2300000|100%| O|  |TAMS 0x00000000a2300000, 0x00000000a2300000| Untracked 
|   5|0x00000000a2300000, 0x00000000a2400000, 0x00000000a2400000|100%| O|  |TAMS 0x00000000a2400000, 0x00000000a2400000| Untracked 
|   6|0x00000000a2400000, 0x00000000a2500000, 0x00000000a2500000|100%| O|  |TAMS 0x00000000a2500000, 0x00000000a2500000| Untracked 
|   7|0x00000000a2500000, 0x00000000a2600000, 0x00000000a2600000|100%| O|  |TAMS 0x00000000a2600000, 0x00000000a2600000| Untracked 
|   8|0x00000000a2600000, 0x00000000a2700000, 0x00000000a2700000|100%| O|  |TAMS 0x00000000a2700000, 0x00000000a2700000| Untracked 
|   9|0x00000000a2700000, 0x00000000a2800000, 0x00000000a2800000|100%| O|  |TAMS 0x00000000a2800000, 0x00000000a2800000| Untracked 
|  10|0x00000000a2800000, 0x00000000a2900000, 0x00000000a2900000|100%| O|  |TAMS 0x00000000a2900000, 0x00000000a2900000| Untracked 
|  11|0x00000000a2900000, 0x00000000a2a00000, 0x00000000a2a00000|100%| O|  |TAMS 0x00000000a2a00000, 0x00000000a2a00000| Untracked 
|  12|0x00000000a2a00000, 0x00000000a2b00000, 0x00000000a2b00000|100%| O|  |TAMS 0x00000000a2b00000, 0x00000000a2b00000| Untracked 
|  13|0x00000000a2b00000, 0x00000000a2c00000, 0x00000000a2c00000|100%| O|  |TAMS 0x00000000a2c00000, 0x00000000a2c00000| Untracked 
|  14|0x00000000a2c00000, 0x00000000a2d00000, 0x00000000a2d00000|100%| O|  |TAMS 0x00000000a2d00000, 0x00000000a2d00000| Untracked 
|  15|0x00000000a2d00000, 0x00000000a2e00000, 0x00000000a2e00000|100%| O|  |TAMS 0x00000000a2e00000, 0x00000000a2e00000| Untracked 
|  16|0x00000000a2e00000, 0x00000000a2f00000, 0x00000000a2f00000|100%| O|  |TAMS 0x00000000a2f00000, 0x00000000a2f00000| Untracked 
|  17|0x00000000a2f00000, 0x00000000a3000000, 0x00000000a3000000|100%| O|  |TAMS 0x00000000a3000000, 0x00000000a3000000| Untracked 
|  18|0x00000000a3000000, 0x00000000a3100000, 0x00000000a3100000|100%| O|  |TAMS 0x00000000a3100000, 0x00000000a3100000| Untracked 
|  19|0x00000000a3100000, 0x00000000a3200000, 0x00000000a3200000|100%| O|  |TAMS 0x00000000a3200000, 0x00000000a3200000| Untracked 
|  20|0x00000000a3200000, 0x00000000a3300000, 0x00000000a3300000|100%| O|  |TAMS 0x00000000a3300000, 0x00000000a3300000| Untracked 
|  21|0x00000000a3300000, 0x00000000a3400000, 0x00000000a3400000|100%| O|  |TAMS 0x00000000a3400000, 0x00000000a3400000| Untracked 
|  22|0x00000000a3400000, 0x00000000a3500000, 0x00000000a3500000|100%| O|  |TAMS 0x00000000a3400000, 0x00000000a3500000| Untracked 
|  23|0x00000000a3500000, 0x00000000a3600000, 0x00000000a3600000|100%| O|  |TAMS 0x00000000a3600000, 0x00000000a3600000| Untracked 
|  24|0x00000000a3600000, 0x00000000a3700000, 0x00000000a3700000|100%| O|  |TAMS 0x00000000a3700000, 0x00000000a3700000| Untracked 
|  25|0x00000000a3700000, 0x00000000a3800000, 0x00000000a3800000|100%| O|  |TAMS 0x00000000a3800000, 0x00000000a3800000| Untracked 
|  26|0x00000000a3800000, 0x00000000a3900000, 0x00000000a3900000|100%| O|  |TAMS 0x00000000a3900000, 0x00000000a3900000| Untracked 
|  27|0x00000000a3900000, 0x00000000a3900000, 0x00000000a3a00000|  0%| F|  |TAMS 0x00000000a3900000, 0x00000000a3900000| Untracked 
|  28|0x00000000a3a00000, 0x00000000a3a00000, 0x00000000a3b00000|  0%| F|  |TAMS 0x00000000a3a00000, 0x00000000a3a00000| Untracked 
|  29|0x00000000a3b00000, 0x00000000a3c00000, 0x00000000a3c00000|100%| O|  |TAMS 0x00000000a3c00000, 0x00000000a3c00000| Untracked 
|  30|0x00000000a3c00000, 0x00000000a3d00000, 0x00000000a3d00000|100%| O|  |TAMS 0x00000000a3d00000, 0x00000000a3d00000| Untracked 
|  31|0x00000000a3d00000, 0x00000000a3e00000, 0x00000000a3e00000|100%| O|  |TAMS 0x00000000a3e00000, 0x00000000a3e00000| Untracked 
|  32|0x00000000a3e00000, 0x00000000a3e00000, 0x00000000a3f00000|  0%| F|  |TAMS 0x00000000a3e00000, 0x00000000a3e00000| Untracked 
|  33|0x00000000a3f00000, 0x00000000a4000000, 0x00000000a4000000|100%| O|  |TAMS 0x00000000a4000000, 0x00000000a4000000| Untracked 
|  34|0x00000000a4000000, 0x00000000a4100000, 0x00000000a4100000|100%| O|  |TAMS 0x00000000a4100000, 0x00000000a4100000| Untracked 
|  35|0x00000000a4100000, 0x00000000a4200000, 0x00000000a4200000|100%| O|  |TAMS 0x00000000a4200000, 0x00000000a4200000| Untracked 
|  36|0x00000000a4200000, 0x00000000a4200000, 0x00000000a4300000|  0%| F|  |TAMS 0x00000000a4200000, 0x00000000a4200000| Untracked 
|  37|0x00000000a4300000, 0x00000000a4400000, 0x00000000a4400000|100%| O|  |TAMS 0x00000000a4400000, 0x00000000a4400000| Untracked 
|  38|0x00000000a4400000, 0x00000000a4500000, 0x00000000a4500000|100%| O|  |TAMS 0x00000000a4500000, 0x00000000a4500000| Untracked 
|  39|0x00000000a4500000, 0x00000000a4500000, 0x00000000a4600000|  0%| F|  |TAMS 0x00000000a4500000, 0x00000000a4500000| Untracked 
|  40|0x00000000a4600000, 0x00000000a4600000, 0x00000000a4700000|  0%| F|  |TAMS 0x00000000a4600000, 0x00000000a4600000| Untracked 
|  41|0x00000000a4700000, 0x00000000a4700000, 0x00000000a4800000|  0%| F|  |TAMS 0x00000000a4700000, 0x00000000a4700000| Untracked 
|  42|0x00000000a4800000, 0x00000000a4900000, 0x00000000a4900000|100%| O|  |TAMS 0x00000000a4900000, 0x00000000a4900000| Untracked 
|  43|0x00000000a4900000, 0x00000000a4a00000, 0x00000000a4a00000|100%| O|  |TAMS 0x00000000a4a00000, 0x00000000a4a00000| Untracked 
|  44|0x00000000a4a00000, 0x00000000a4b00000, 0x00000000a4b00000|100%| O|  |TAMS 0x00000000a4b00000, 0x00000000a4b00000| Untracked 
|  45|0x00000000a4b00000, 0x00000000a4c00000, 0x00000000a4c00000|100%| O|  |TAMS 0x00000000a4c00000, 0x00000000a4c00000| Untracked 
|  46|0x00000000a4c00000, 0x00000000a4d00000, 0x00000000a4d00000|100%| O|  |TAMS 0x00000000a4d00000, 0x00000000a4d00000| Untracked 
|  47|0x00000000a4d00000, 0x00000000a4e00000, 0x00000000a4e00000|100%| O|  |TAMS 0x00000000a4e00000, 0x00000000a4e00000| Untracked 
|  48|0x00000000a4e00000, 0x00000000a4f00000, 0x00000000a4f00000|100%| O|  |TAMS 0x00000000a4f00000, 0x00000000a4f00000| Untracked 
|  49|0x00000000a4f00000, 0x00000000a5000000, 0x00000000a5000000|100%| O|  |TAMS 0x00000000a5000000, 0x00000000a5000000| Untracked 
|  50|0x00000000a5000000, 0x00000000a5100000, 0x00000000a5100000|100%| O|  |TAMS 0x00000000a5100000, 0x00000000a5100000| Untracked 
|  51|0x00000000a5100000, 0x00000000a5200000, 0x00000000a5200000|100%| O|  |TAMS 0x00000000a5200000, 0x00000000a5200000| Untracked 
|  52|0x00000000a5200000, 0x00000000a5200000, 0x00000000a5300000|  0%| F|  |TAMS 0x00000000a5200000, 0x00000000a5200000| Untracked 
|  53|0x00000000a5300000, 0x00000000a5300000, 0x00000000a5400000|  0%| F|  |TAMS 0x00000000a5300000, 0x00000000a5300000| Untracked 
|  54|0x00000000a5400000, 0x00000000a5400000, 0x00000000a5500000|  0%| F|  |TAMS 0x00000000a5400000, 0x00000000a5400000| Untracked 
|  55|0x00000000a5500000, 0x00000000a5500000, 0x00000000a5600000|  0%| F|  |TAMS 0x00000000a5500000, 0x00000000a5500000| Untracked 
|  56|0x00000000a5600000, 0x00000000a5600000, 0x00000000a5700000|  0%| F|  |TAMS 0x00000000a5600000, 0x00000000a5600000| Untracked 
|  57|0x00000000a5700000, 0x00000000a5700000, 0x00000000a5800000|  0%| F|  |TAMS 0x00000000a5700000, 0x00000000a5700000| Untracked 
|  58|0x00000000a5800000, 0x00000000a5800000, 0x00000000a5900000|  0%| F|  |TAMS 0x00000000a5800000, 0x00000000a5800000| Untracked 
|  59|0x00000000a5900000, 0x00000000a5a00000, 0x00000000a5a00000|100%|HS|  |TAMS 0x00000000a5900000, 0x00000000a5a00000| Complete 
|  60|0x00000000a5a00000, 0x00000000a5b00000, 0x00000000a5b00000|100%| O|  |TAMS 0x00000000a5b00000, 0x00000000a5b00000| Untracked 
|  61|0x00000000a5b00000, 0x00000000a5c00000, 0x00000000a5c00000|100%| O|  |TAMS 0x00000000a5b2ca00, 0x00000000a5c00000| Untracked 
|  62|0x00000000a5c00000, 0x00000000a5d00000, 0x00000000a5d00000|100%|HS|  |TAMS 0x00000000a5c00000, 0x00000000a5d00000| Complete 
|  63|0x00000000a5d00000, 0x00000000a5e00000, 0x00000000a5e00000|100%|HC|  |TAMS 0x00000000a5d00000, 0x00000000a5e00000| Complete 
|  64|0x00000000a5e00000, 0x00000000a5f00000, 0x00000000a5f00000|100%|HS|  |TAMS 0x00000000a5e00000, 0x00000000a5f00000| Complete 
|  65|0x00000000a5f00000, 0x00000000a6000000, 0x00000000a6000000|100%| O|  |TAMS 0x00000000a5f00000, 0x00000000a6000000| Untracked 
|  66|0x00000000a6000000, 0x00000000a6100000, 0x00000000a6100000|100%| O|  |TAMS 0x00000000a6100000, 0x00000000a6100000| Untracked 
|  67|0x00000000a6100000, 0x00000000a6200000, 0x00000000a6200000|100%| O|  |TAMS 0x00000000a6200000, 0x00000000a6200000| Untracked 
|  68|0x00000000a6200000, 0x00000000a6300000, 0x00000000a6300000|100%| O|  |TAMS 0x00000000a6300000, 0x00000000a6300000| Untracked 
|  69|0x00000000a6300000, 0x00000000a6400000, 0x00000000a6400000|100%| O|  |TAMS 0x00000000a6400000, 0x00000000a6400000| Untracked 
|  70|0x00000000a6400000, 0x00000000a6500000, 0x00000000a6500000|100%| O|  |TAMS 0x00000000a6500000, 0x00000000a6500000| Untracked 
|  71|0x00000000a6500000, 0x00000000a6600000, 0x00000000a6600000|100%| O|  |TAMS 0x00000000a6600000, 0x00000000a6600000| Untracked 
|  72|0x00000000a6600000, 0x00000000a6700000, 0x00000000a6700000|100%| O|  |TAMS 0x00000000a6700000, 0x00000000a6700000| Untracked 
|  73|0x00000000a6700000, 0x00000000a6800000, 0x00000000a6800000|100%|HS|  |TAMS 0x00000000a6800000, 0x00000000a6800000| Complete 
|  74|0x00000000a6800000, 0x00000000a6900000, 0x00000000a6900000|100%|HC|  |TAMS 0x00000000a6900000, 0x00000000a6900000| Complete 
|  75|0x00000000a6900000, 0x00000000a6a00000, 0x00000000a6a00000|100%| O|  |TAMS 0x00000000a6900000, 0x00000000a6a00000| Untracked 
|  76|0x00000000a6a00000, 0x00000000a6b00000, 0x00000000a6b00000|100%| O|  |TAMS 0x00000000a6b00000, 0x00000000a6b00000| Untracked 
|  77|0x00000000a6b00000, 0x00000000a6c00000, 0x00000000a6c00000|100%| O|  |TAMS 0x00000000a6c00000, 0x00000000a6c00000| Untracked 
|  78|0x00000000a6c00000, 0x00000000a6c00000, 0x00000000a6d00000|  0%| F|  |TAMS 0x00000000a6c00000, 0x00000000a6c00000| Untracked 
|  79|0x00000000a6d00000, 0x00000000a6d00000, 0x00000000a6e00000|  0%| F|  |TAMS 0x00000000a6d00000, 0x00000000a6d00000| Untracked 
|  80|0x00000000a6e00000, 0x00000000a6f00000, 0x00000000a6f00000|100%| O|  |TAMS 0x00000000a6e00000, 0x00000000a6f00000| Untracked 
|  81|0x00000000a6f00000, 0x00000000a7000000, 0x00000000a7000000|100%|HS|  |TAMS 0x00000000a7000000, 0x00000000a7000000| Complete 
|  82|0x00000000a7000000, 0x00000000a7100000, 0x00000000a7100000|100%|HC|  |TAMS 0x00000000a7100000, 0x00000000a7100000| Complete 
|  83|0x00000000a7100000, 0x00000000a7200000, 0x00000000a7200000|100%| O|  |TAMS 0x00000000a7100000, 0x00000000a7200000| Untracked 
|  84|0x00000000a7200000, 0x00000000a7300000, 0x00000000a7300000|100%| O|  |TAMS 0x00000000a7200000, 0x00000000a7300000| Untracked 
|  85|0x00000000a7300000, 0x00000000a7400000, 0x00000000a7400000|100%| O|  |TAMS 0x00000000a7300000, 0x00000000a7400000| Untracked 
|  86|0x00000000a7400000, 0x00000000a7500000, 0x00000000a7500000|100%| O|  |TAMS 0x00000000a7500000, 0x00000000a7500000| Untracked 
|  87|0x00000000a7500000, 0x00000000a7600000, 0x00000000a7600000|100%| O|  |TAMS 0x00000000a7600000, 0x00000000a7600000| Untracked 
|  88|0x00000000a7600000, 0x00000000a7700000, 0x00000000a7700000|100%| O|  |TAMS 0x00000000a7600000, 0x00000000a7700000| Untracked 
|  89|0x00000000a7700000, 0x00000000a7800000, 0x00000000a7800000|100%| O|  |TAMS 0x00000000a7700000, 0x00000000a7800000| Untracked 
|  90|0x00000000a7800000, 0x00000000a7900000, 0x00000000a7900000|100%| O|  |TAMS 0x00000000a7800000, 0x00000000a7900000| Untracked 
|  91|0x00000000a7900000, 0x00000000a7a00000, 0x00000000a7a00000|100%| O|  |TAMS 0x00000000a7900000, 0x00000000a7a00000| Untracked 
|  92|0x00000000a7a00000, 0x00000000a7b00000, 0x00000000a7b00000|100%| O|  |TAMS 0x00000000a7a00000, 0x00000000a7b00000| Untracked 
|  93|0x00000000a7b00000, 0x00000000a7c00000, 0x00000000a7c00000|100%| O|  |TAMS 0x00000000a7b00000, 0x00000000a7c00000| Untracked 
|  94|0x00000000a7c00000, 0x00000000a7d00000, 0x00000000a7d00000|100%| O|  |TAMS 0x00000000a7c00000, 0x00000000a7d00000| Untracked 
|  95|0x00000000a7d00000, 0x00000000a7e00000, 0x00000000a7e00000|100%| O|  |TAMS 0x00000000a7d00000, 0x00000000a7e00000| Untracked 
|  96|0x00000000a7e00000, 0x00000000a7f00000, 0x00000000a7f00000|100%| O|  |TAMS 0x00000000a7f00000, 0x00000000a7f00000| Untracked 
|  97|0x00000000a7f00000, 0x00000000a8000000, 0x00000000a8000000|100%| O|  |TAMS 0x00000000a8000000, 0x00000000a8000000| Untracked 
|  98|0x00000000a8000000, 0x00000000a8100000, 0x00000000a8100000|100%| O|  |TAMS 0x00000000a8000000, 0x00000000a8100000| Untracked 
|  99|0x00000000a8100000, 0x00000000a8200000, 0x00000000a8200000|100%| O|  |TAMS 0x00000000a8100000, 0x00000000a8200000| Untracked 
| 100|0x00000000a8200000, 0x00000000a8300000, 0x00000000a8300000|100%| O|  |TAMS 0x00000000a8200000, 0x00000000a8300000| Untracked 
| 101|0x00000000a8300000, 0x00000000a8400000, 0x00000000a8400000|100%| O|  |TAMS 0x00000000a8300000, 0x00000000a8400000| Untracked 
| 102|0x00000000a8400000, 0x00000000a8500000, 0x00000000a8500000|100%| O|  |TAMS 0x00000000a8400000, 0x00000000a8500000| Untracked 
| 103|0x00000000a8500000, 0x00000000a8600000, 0x00000000a8600000|100%| O|  |TAMS 0x00000000a8500000, 0x00000000a8600000| Untracked 
| 104|0x00000000a8600000, 0x00000000a8700000, 0x00000000a8700000|100%| O|  |TAMS 0x00000000a8600000, 0x00000000a8700000| Untracked 
| 105|0x00000000a8700000, 0x00000000a8800000, 0x00000000a8800000|100%| O|  |TAMS 0x00000000a8700000, 0x00000000a8800000| Untracked 
| 106|0x00000000a8800000, 0x00000000a8839400, 0x00000000a8900000| 22%| O|  |TAMS 0x00000000a8800000, 0x00000000a8839400| Untracked 
| 107|0x00000000a8900000, 0x00000000a8900000, 0x00000000a8a00000|  0%| F|  |TAMS 0x00000000a8900000, 0x00000000a8900000| Untracked 
| 108|0x00000000a8a00000, 0x00000000a8a00000, 0x00000000a8b00000|  0%| F|  |TAMS 0x00000000a8a00000, 0x00000000a8a00000| Untracked 
| 109|0x00000000a8b00000, 0x00000000a8b00000, 0x00000000a8c00000|  0%| F|  |TAMS 0x00000000a8b00000, 0x00000000a8b00000| Untracked 
| 110|0x00000000a8c00000, 0x00000000a8c00000, 0x00000000a8d00000|  0%| F|  |TAMS 0x00000000a8c00000, 0x00000000a8c00000| Untracked 
| 111|0x00000000a8d00000, 0x00000000a8d00000, 0x00000000a8e00000|  0%| F|  |TAMS 0x00000000a8d00000, 0x00000000a8d00000| Untracked 
| 112|0x00000000a8e00000, 0x00000000a8e00000, 0x00000000a8f00000|  0%| F|  |TAMS 0x00000000a8e00000, 0x00000000a8e00000| Untracked 
| 113|0x00000000a8f00000, 0x00000000a8f00000, 0x00000000a9000000|  0%| F|  |TAMS 0x00000000a8f00000, 0x00000000a8f00000| Untracked 
| 114|0x00000000a9000000, 0x00000000a9000000, 0x00000000a9100000|  0%| F|  |TAMS 0x00000000a9000000, 0x00000000a9000000| Untracked 
| 115|0x00000000a9100000, 0x00000000a9100000, 0x00000000a9200000|  0%| F|  |TAMS 0x00000000a9100000, 0x00000000a9100000| Untracked 
| 116|0x00000000a9200000, 0x00000000a9200000, 0x00000000a9300000|  0%| F|  |TAMS 0x00000000a9200000, 0x00000000a9200000| Untracked 
| 117|0x00000000a9300000, 0x00000000a9300000, 0x00000000a9400000|  0%| F|  |TAMS 0x00000000a9300000, 0x00000000a9300000| Untracked 
| 118|0x00000000a9400000, 0x00000000a9400000, 0x00000000a9500000|  0%| F|  |TAMS 0x00000000a9400000, 0x00000000a9400000| Untracked 
| 119|0x00000000a9500000, 0x00000000a9500000, 0x00000000a9600000|  0%| F|  |TAMS 0x00000000a9500000, 0x00000000a9500000| Untracked 
| 120|0x00000000a9600000, 0x00000000a9600000, 0x00000000a9700000|  0%| F|  |TAMS 0x00000000a9600000, 0x00000000a9600000| Untracked 
| 121|0x00000000a9700000, 0x00000000a9700000, 0x00000000a9800000|  0%| F|  |TAMS 0x00000000a9700000, 0x00000000a9700000| Untracked 
| 122|0x00000000a9800000, 0x00000000a9800000, 0x00000000a9900000|  0%| F|  |TAMS 0x00000000a9800000, 0x00000000a9800000| Untracked 
| 123|0x00000000a9900000, 0x00000000a9900000, 0x00000000a9a00000|  0%| F|  |TAMS 0x00000000a9900000, 0x00000000a9900000| Untracked 
| 124|0x00000000a9a00000, 0x00000000a9a00000, 0x00000000a9b00000|  0%| F|  |TAMS 0x00000000a9a00000, 0x00000000a9a00000| Untracked 
| 125|0x00000000a9b00000, 0x00000000a9b00000, 0x00000000a9c00000|  0%| F|  |TAMS 0x00000000a9b00000, 0x00000000a9b00000| Untracked 
| 126|0x00000000a9c00000, 0x00000000a9c00000, 0x00000000a9d00000|  0%| F|  |TAMS 0x00000000a9c00000, 0x00000000a9c00000| Untracked 
| 127|0x00000000a9d00000, 0x00000000a9d00000, 0x00000000a9e00000|  0%| F|  |TAMS 0x00000000a9d00000, 0x00000000a9d00000| Untracked 
| 128|0x00000000a9e00000, 0x00000000a9e00000, 0x00000000a9f00000|  0%| F|  |TAMS 0x00000000a9e00000, 0x00000000a9e00000| Untracked 
| 129|0x00000000a9f00000, 0x00000000a9f00000, 0x00000000aa000000|  0%| F|  |TAMS 0x00000000a9f00000, 0x00000000a9f00000| Untracked 
| 130|0x00000000aa000000, 0x00000000aa000000, 0x00000000aa100000|  0%| F|  |TAMS 0x00000000aa000000, 0x00000000aa000000| Untracked 
| 131|0x00000000aa100000, 0x00000000aa100000, 0x00000000aa200000|  0%| F|  |TAMS 0x00000000aa100000, 0x00000000aa100000| Untracked 
| 132|0x00000000aa200000, 0x00000000aa200000, 0x00000000aa300000|  0%| F|  |TAMS 0x00000000aa200000, 0x00000000aa200000| Untracked 
| 133|0x00000000aa300000, 0x00000000aa300000, 0x00000000aa400000|  0%| F|  |TAMS 0x00000000aa300000, 0x00000000aa300000| Untracked 
| 134|0x00000000aa400000, 0x00000000aa400000, 0x00000000aa500000|  0%| F|  |TAMS 0x00000000aa400000, 0x00000000aa400000| Untracked 
| 135|0x00000000aa500000, 0x00000000aa500000, 0x00000000aa600000|  0%| F|  |TAMS 0x00000000aa500000, 0x00000000aa500000| Untracked 
| 136|0x00000000aa600000, 0x00000000aa600000, 0x00000000aa700000|  0%| F|  |TAMS 0x00000000aa600000, 0x00000000aa600000| Untracked 
| 137|0x00000000aa700000, 0x00000000aa700000, 0x00000000aa800000|  0%| F|  |TAMS 0x00000000aa700000, 0x00000000aa700000| Untracked 
| 138|0x00000000aa800000, 0x00000000aa800000, 0x00000000aa900000|  0%| F|  |TAMS 0x00000000aa800000, 0x00000000aa800000| Untracked 
| 139|0x00000000aa900000, 0x00000000aa900000, 0x00000000aaa00000|  0%| F|  |TAMS 0x00000000aa900000, 0x00000000aa900000| Untracked 
| 140|0x00000000aaa00000, 0x00000000aaa00000, 0x00000000aab00000|  0%| F|  |TAMS 0x00000000aaa00000, 0x00000000aaa00000| Untracked 
| 141|0x00000000aab00000, 0x00000000aab00000, 0x00000000aac00000|  0%| F|  |TAMS 0x00000000aab00000, 0x00000000aab00000| Untracked 
| 142|0x00000000aac00000, 0x00000000aac00000, 0x00000000aad00000|  0%| F|  |TAMS 0x00000000aac00000, 0x00000000aac00000| Untracked 
| 143|0x00000000aad00000, 0x00000000aad00000, 0x00000000aae00000|  0%| F|  |TAMS 0x00000000aad00000, 0x00000000aad00000| Untracked 
| 144|0x00000000aae00000, 0x00000000aae00000, 0x00000000aaf00000|  0%| F|  |TAMS 0x00000000aae00000, 0x00000000aae00000| Untracked 
| 145|0x00000000aaf00000, 0x00000000aaf00000, 0x00000000ab000000|  0%| F|  |TAMS 0x00000000aaf00000, 0x00000000aaf00000| Untracked 
| 146|0x00000000ab000000, 0x00000000ab000000, 0x00000000ab100000|  0%| F|  |TAMS 0x00000000ab000000, 0x00000000ab000000| Untracked 
| 147|0x00000000ab100000, 0x00000000ab100000, 0x00000000ab200000|  0%| F|  |TAMS 0x00000000ab100000, 0x00000000ab100000| Untracked 
| 148|0x00000000ab200000, 0x00000000ab200000, 0x00000000ab300000|  0%| F|  |TAMS 0x00000000ab200000, 0x00000000ab200000| Untracked 
| 149|0x00000000ab300000, 0x00000000ab300000, 0x00000000ab400000|  0%| F|  |TAMS 0x00000000ab300000, 0x00000000ab300000| Untracked 
| 150|0x00000000ab400000, 0x00000000ab400000, 0x00000000ab500000|  0%| F|  |TAMS 0x00000000ab400000, 0x00000000ab400000| Untracked 
| 151|0x00000000ab500000, 0x00000000ab500000, 0x00000000ab600000|  0%| F|  |TAMS 0x00000000ab500000, 0x00000000ab500000| Untracked 
| 152|0x00000000ab600000, 0x00000000ab600000, 0x00000000ab700000|  0%| F|  |TAMS 0x00000000ab600000, 0x00000000ab600000| Untracked 
| 153|0x00000000ab700000, 0x00000000ab700000, 0x00000000ab800000|  0%| F|  |TAMS 0x00000000ab700000, 0x00000000ab700000| Untracked 
| 154|0x00000000ab800000, 0x00000000ab800000, 0x00000000ab900000|  0%| F|  |TAMS 0x00000000ab800000, 0x00000000ab800000| Untracked 
| 155|0x00000000ab900000, 0x00000000ab900000, 0x00000000aba00000|  0%| F|  |TAMS 0x00000000ab900000, 0x00000000ab900000| Untracked 
| 156|0x00000000aba00000, 0x00000000aba00000, 0x00000000abb00000|  0%| F|  |TAMS 0x00000000aba00000, 0x00000000aba00000| Untracked 
| 157|0x00000000abb00000, 0x00000000abb00000, 0x00000000abc00000|  0%| F|  |TAMS 0x00000000abb00000, 0x00000000abb00000| Untracked 
| 158|0x00000000abc00000, 0x00000000abc00000, 0x00000000abd00000|  0%| F|  |TAMS 0x00000000abc00000, 0x00000000abc00000| Untracked 
| 159|0x00000000abd00000, 0x00000000abd00000, 0x00000000abe00000|  0%| F|  |TAMS 0x00000000abd00000, 0x00000000abd00000| Untracked 
| 160|0x00000000abe00000, 0x00000000abe00000, 0x00000000abf00000|  0%| F|  |TAMS 0x00000000abe00000, 0x00000000abe00000| Untracked 
| 161|0x00000000abf00000, 0x00000000abf00000, 0x00000000ac000000|  0%| F|  |TAMS 0x00000000abf00000, 0x00000000abf00000| Untracked 
| 162|0x00000000ac000000, 0x00000000ac000000, 0x00000000ac100000|  0%| F|  |TAMS 0x00000000ac000000, 0x00000000ac000000| Untracked 
| 163|0x00000000ac100000, 0x00000000ac100000, 0x00000000ac200000|  0%| F|  |TAMS 0x00000000ac100000, 0x00000000ac100000| Untracked 
| 164|0x00000000ac200000, 0x00000000ac200000, 0x00000000ac300000|  0%| F|  |TAMS 0x00000000ac200000, 0x00000000ac200000| Untracked 
| 165|0x00000000ac300000, 0x00000000ac300000, 0x00000000ac400000|  0%| F|  |TAMS 0x00000000ac300000, 0x00000000ac300000| Untracked 
| 166|0x00000000ac400000, 0x00000000ac400000, 0x00000000ac500000|  0%| F|  |TAMS 0x00000000ac400000, 0x00000000ac400000| Untracked 
| 167|0x00000000ac500000, 0x00000000ac500000, 0x00000000ac600000|  0%| F|  |TAMS 0x00000000ac500000, 0x00000000ac500000| Untracked 
| 168|0x00000000ac600000, 0x00000000ac600000, 0x00000000ac700000|  0%| F|  |TAMS 0x00000000ac600000, 0x00000000ac600000| Untracked 
| 169|0x00000000ac700000, 0x00000000ac700000, 0x00000000ac800000|  0%| F|  |TAMS 0x00000000ac700000, 0x00000000ac700000| Untracked 
| 170|0x00000000ac800000, 0x00000000ac800000, 0x00000000ac900000|  0%| F|  |TAMS 0x00000000ac800000, 0x00000000ac800000| Untracked 
| 171|0x00000000ac900000, 0x00000000ac900000, 0x00000000aca00000|  0%| F|  |TAMS 0x00000000ac900000, 0x00000000ac900000| Untracked 
| 172|0x00000000aca00000, 0x00000000aca00000, 0x00000000acb00000|  0%| F|  |TAMS 0x00000000aca00000, 0x00000000aca00000| Untracked 
| 173|0x00000000acb00000, 0x00000000acb00000, 0x00000000acc00000|  0%| F|  |TAMS 0x00000000acb00000, 0x00000000acb00000| Untracked 
| 174|0x00000000acc00000, 0x00000000acc00000, 0x00000000acd00000|  0%| F|  |TAMS 0x00000000acc00000, 0x00000000acc00000| Untracked 
| 175|0x00000000acd00000, 0x00000000acd00000, 0x00000000ace00000|  0%| F|  |TAMS 0x00000000acd00000, 0x00000000acd00000| Untracked 
| 176|0x00000000ace00000, 0x00000000ace00000, 0x00000000acf00000|  0%| F|  |TAMS 0x00000000ace00000, 0x00000000ace00000| Untracked 
| 177|0x00000000acf00000, 0x00000000acf00000, 0x00000000ad000000|  0%| F|  |TAMS 0x00000000acf00000, 0x00000000acf00000| Untracked 
| 178|0x00000000ad000000, 0x00000000ad000000, 0x00000000ad100000|  0%| F|  |TAMS 0x00000000ad000000, 0x00000000ad000000| Untracked 
| 179|0x00000000ad100000, 0x00000000ad100000, 0x00000000ad200000|  0%| F|  |TAMS 0x00000000ad100000, 0x00000000ad100000| Untracked 
| 180|0x00000000ad200000, 0x00000000ad200000, 0x00000000ad300000|  0%| F|  |TAMS 0x00000000ad200000, 0x00000000ad200000| Untracked 
| 181|0x00000000ad300000, 0x00000000ad300000, 0x00000000ad400000|  0%| F|  |TAMS 0x00000000ad300000, 0x00000000ad300000| Untracked 
| 182|0x00000000ad400000, 0x00000000ad400000, 0x00000000ad500000|  0%| F|  |TAMS 0x00000000ad400000, 0x00000000ad400000| Untracked 
| 183|0x00000000ad500000, 0x00000000ad500000, 0x00000000ad600000|  0%| F|  |TAMS 0x00000000ad500000, 0x00000000ad500000| Untracked 
| 184|0x00000000ad600000, 0x00000000ad600000, 0x00000000ad700000|  0%| F|  |TAMS 0x00000000ad600000, 0x00000000ad600000| Untracked 
| 185|0x00000000ad700000, 0x00000000ad700000, 0x00000000ad800000|  0%| F|  |TAMS 0x00000000ad700000, 0x00000000ad700000| Untracked 
| 186|0x00000000ad800000, 0x00000000ad800000, 0x00000000ad900000|  0%| F|  |TAMS 0x00000000ad800000, 0x00000000ad800000| Untracked 
| 187|0x00000000ad900000, 0x00000000ad900000, 0x00000000ada00000|  0%| F|  |TAMS 0x00000000ad900000, 0x00000000ad900000| Untracked 
| 188|0x00000000ada00000, 0x00000000ada00000, 0x00000000adb00000|  0%| F|  |TAMS 0x00000000ada00000, 0x00000000ada00000| Untracked 
| 189|0x00000000adb00000, 0x00000000adb00000, 0x00000000adc00000|  0%| F|  |TAMS 0x00000000adb00000, 0x00000000adb00000| Untracked 
| 190|0x00000000adc00000, 0x00000000adc00000, 0x00000000add00000|  0%| F|  |TAMS 0x00000000adc00000, 0x00000000adc00000| Untracked 
| 191|0x00000000add00000, 0x00000000add00000, 0x00000000ade00000|  0%| F|  |TAMS 0x00000000add00000, 0x00000000add00000| Untracked 
| 192|0x00000000ade00000, 0x00000000ade00000, 0x00000000adf00000|  0%| F|  |TAMS 0x00000000ade00000, 0x00000000ade00000| Untracked 
| 193|0x00000000adf00000, 0x00000000adf00000, 0x00000000ae000000|  0%| F|  |TAMS 0x00000000adf00000, 0x00000000adf00000| Untracked 
| 194|0x00000000ae000000, 0x00000000ae000000, 0x00000000ae100000|  0%| F|  |TAMS 0x00000000ae000000, 0x00000000ae000000| Untracked 
| 195|0x00000000ae100000, 0x00000000ae100000, 0x00000000ae200000|  0%| F|  |TAMS 0x00000000ae100000, 0x00000000ae100000| Untracked 
| 196|0x00000000ae200000, 0x00000000ae200000, 0x00000000ae300000|  0%| F|  |TAMS 0x00000000ae200000, 0x00000000ae200000| Untracked 
| 197|0x00000000ae300000, 0x00000000ae300000, 0x00000000ae400000|  0%| F|  |TAMS 0x00000000ae300000, 0x00000000ae300000| Untracked 
| 198|0x00000000ae400000, 0x00000000ae400000, 0x00000000ae500000|  0%| F|  |TAMS 0x00000000ae400000, 0x00000000ae400000| Untracked 
| 199|0x00000000ae500000, 0x00000000ae500000, 0x00000000ae600000|  0%| F|  |TAMS 0x00000000ae500000, 0x00000000ae500000| Untracked 
| 200|0x00000000ae600000, 0x00000000ae600000, 0x00000000ae700000|  0%| F|  |TAMS 0x00000000ae600000, 0x00000000ae600000| Untracked 
| 201|0x00000000ae700000, 0x00000000ae700000, 0x00000000ae800000|  0%| F|  |TAMS 0x00000000ae700000, 0x00000000ae700000| Untracked 
| 202|0x00000000ae800000, 0x00000000ae800000, 0x00000000ae900000|  0%| F|  |TAMS 0x00000000ae800000, 0x00000000ae800000| Untracked 
| 203|0x00000000ae900000, 0x00000000ae900000, 0x00000000aea00000|  0%| F|  |TAMS 0x00000000ae900000, 0x00000000ae900000| Untracked 
| 204|0x00000000aea00000, 0x00000000aea00000, 0x00000000aeb00000|  0%| F|  |TAMS 0x00000000aea00000, 0x00000000aea00000| Untracked 
| 205|0x00000000aeb00000, 0x00000000aeb00000, 0x00000000aec00000|  0%| F|  |TAMS 0x00000000aeb00000, 0x00000000aeb00000| Untracked 
| 206|0x00000000aec00000, 0x00000000aec00000, 0x00000000aed00000|  0%| F|  |TAMS 0x00000000aec00000, 0x00000000aec00000| Untracked 
| 207|0x00000000aed00000, 0x00000000aed00000, 0x00000000aee00000|  0%| F|  |TAMS 0x00000000aed00000, 0x00000000aed00000| Untracked 
| 208|0x00000000aee00000, 0x00000000aee00000, 0x00000000aef00000|  0%| F|  |TAMS 0x00000000aee00000, 0x00000000aee00000| Untracked 
| 209|0x00000000aef00000, 0x00000000aef00000, 0x00000000af000000|  0%| F|  |TAMS 0x00000000aef00000, 0x00000000aef00000| Untracked 
| 210|0x00000000af000000, 0x00000000af000000, 0x00000000af100000|  0%| F|  |TAMS 0x00000000af000000, 0x00000000af000000| Untracked 
| 211|0x00000000af100000, 0x00000000af100000, 0x00000000af200000|  0%| F|  |TAMS 0x00000000af100000, 0x00000000af100000| Untracked 
| 212|0x00000000af200000, 0x00000000af200000, 0x00000000af300000|  0%| F|  |TAMS 0x00000000af200000, 0x00000000af200000| Untracked 
| 213|0x00000000af300000, 0x00000000af300000, 0x00000000af400000|  0%| F|  |TAMS 0x00000000af300000, 0x00000000af300000| Untracked 
| 214|0x00000000af400000, 0x00000000af400000, 0x00000000af500000|  0%| F|  |TAMS 0x00000000af400000, 0x00000000af400000| Untracked 
| 215|0x00000000af500000, 0x00000000af500000, 0x00000000af600000|  0%| F|  |TAMS 0x00000000af500000, 0x00000000af500000| Untracked 
| 216|0x00000000af600000, 0x00000000af600000, 0x00000000af700000|  0%| F|  |TAMS 0x00000000af600000, 0x00000000af600000| Untracked 
| 217|0x00000000af700000, 0x00000000af700000, 0x00000000af800000|  0%| F|  |TAMS 0x00000000af700000, 0x00000000af700000| Untracked 
| 218|0x00000000af800000, 0x00000000af800000, 0x00000000af900000|  0%| F|  |TAMS 0x00000000af800000, 0x00000000af800000| Untracked 
| 219|0x00000000af900000, 0x00000000af900000, 0x00000000afa00000|  0%| F|  |TAMS 0x00000000af900000, 0x00000000af900000| Untracked 
| 220|0x00000000afa00000, 0x00000000afa00000, 0x00000000afb00000|  0%| F|  |TAMS 0x00000000afa00000, 0x00000000afa00000| Untracked 
| 221|0x00000000afb00000, 0x00000000afb00000, 0x00000000afc00000|  0%| F|  |TAMS 0x00000000afb00000, 0x00000000afb00000| Untracked 
| 222|0x00000000afc00000, 0x00000000afcc8520, 0x00000000afd00000| 78%| S|CS|TAMS 0x00000000afc00000, 0x00000000afc00000| Complete 
| 223|0x00000000afd00000, 0x00000000afd00000, 0x00000000afe00000|  0%| F|  |TAMS 0x00000000afd00000, 0x00000000afd00000| Untracked 
| 224|0x00000000afe00000, 0x00000000afe00000, 0x00000000aff00000|  0%| F|  |TAMS 0x00000000afe00000, 0x00000000afe00000| Untracked 
| 225|0x00000000aff00000, 0x00000000aff00000, 0x00000000b0000000|  0%| F|  |TAMS 0x00000000aff00000, 0x00000000aff00000| Untracked 
| 226|0x00000000b0000000, 0x00000000b0000000, 0x00000000b0100000|  0%| F|  |TAMS 0x00000000b0000000, 0x00000000b0000000| Untracked 
|1502|0x00000000ffc00000, 0x00000000ffc00000, 0x00000000ffd00000|  0%| F|  |TAMS 0x00000000ffc00000, 0x00000000ffc00000| Untracked 
|1503|0x00000000ffd00000, 0x00000000ffd00000, 0x00000000ffe00000|  0%| F|  |TAMS 0x00000000ffd00000, 0x00000000ffd00000| Untracked 
|1504|0x00000000ffe00000, 0x00000000ffe00000, 0x00000000fff00000|  0%| F|  |TAMS 0x00000000ffe00000, 0x00000000ffe00000| Untracked 
|1505|0x00000000fff00000, 0x00000000fff00000, 0x0000000100000000|  0%| F|  |TAMS 0x00000000fff00000, 0x00000000fff00000| Untracked 

Card table byte_map: [0x000001c3790b0000,0x000001c3793b0000] _byte_map_base: 0x000001c378ba1000

Marking Bits (Prev, Next): (CMBitMap*) 0x000001c36f2f1b60, (CMBitMap*) 0x000001c36f2f1ba0
 Prev Bits: [0x000001c3796b0000, 0x000001c37ae38000)
 Next Bits: [0x000001c37ae40000, 0x000001c37c5c8000)

Polling page: 0x000001c36f370000

Metaspace:

Usage:
  Non-class:     31.10 MB used.
      Class:      3.93 MB used.
       Both:     35.03 MB used.

Virtual space:
  Non-class space:       64.00 MB reserved,      31.31 MB ( 49%) committed,  1 nodes.
      Class space:        1.00 GB reserved,       4.12 MB ( <1%) committed,  1 nodes.
             Both:        1.06 GB reserved,      35.44 MB (  3%) committed. 

Chunk freelists:
   Non-Class:  16.00 KB
       Class:  11.91 MB
        Both:  11.93 MB

MaxMetaspaceSize: unlimited
CompressedClassSpaceSize: 1.00 GB
Initial GC threshold: 21.00 MB
Current GC threshold: 56.88 MB
CDS: on
MetaspaceReclaimPolicy: balanced
 - commit_granule_bytes: 65536.
 - commit_granule_words: 8192.
 - virtual_space_node_default_size: 8388608.
 - enlarge_chunks_in_place: 1.
 - new_chunks_are_fully_committed: 0.
 - uncommit_free_chunks: 1.
 - use_allocation_guard: 0.
 - handle_deallocations: 1.


Internal statistics:

num_allocs_failed_limit: 6.
num_arena_births: 326.
num_arena_deaths: 34.
num_vsnodes_births: 2.
num_vsnodes_deaths: 0.
num_space_committed: 662.
num_space_uncommitted: 95.
num_chunks_returned_to_freelist: 410.
num_chunks_taken_from_freelist: 2097.
num_chunk_merges: 115.
num_chunk_splits: 1365.
num_chunks_enlarged: 1052.
num_purges: 8.
num_inconsistent_stats: 0.

CodeHeap 'non-profiled nmethods': size=120000Kb used=5134Kb max_used=5151Kb free=114865Kb
 bounds [0x000001c307ad0000, 0x000001c307fe0000, 0x000001c30f000000]
CodeHeap 'profiled nmethods': size=120000Kb used=17712Kb max_used=18360Kb free=102288Kb
 bounds [0x000001c300000000, 0x000001c301200000, 0x000001c307530000]
CodeHeap 'non-nmethods': size=5760Kb used=1240Kb max_used=1292Kb free=4519Kb
 bounds [0x000001c307530000, 0x000001c3077a0000, 0x000001c307ad0000]
 total_blobs=8863 nmethods=8312 adapters=463
 compilation: enabled
              stopped_count=0, restarted_count=0
 full_count=0

Compilation events (20 events):
Event: 41.727 Thread 0x000001c37f045640 nmethod 10680% 0x000001c300b59b10 code [0x000001c300b5a300, 0x000001c300b5e718]
Event: 41.728 Thread 0x000001c37f045640 10683       3       org.apache.maven.plugin.internal.ValidatingConfigurationListener::notifyFieldChangeUsingSetter (27 bytes)
Event: 41.728 Thread 0x000001c37f045640 nmethod 10683 0x000001c300981a10 code [0x000001c300981be0, 0x000001c300981f98]
Event: 41.728 Thread 0x000001c37f045640 10684       3       org.apache.maven.plugin.DebugConfigurationListener::notifyFieldChangeUsingSetter (54 bytes)
Event: 41.729 Thread 0x000001c37f045640 nmethod 10684 0x000001c300c1b490 code [0x000001c300c1b700, 0x000001c300c1bfb8]
Event: 41.729 Thread 0x000001c37f045640 10689       3       org.eclipse.sisu.inject.MildKeys$Weak::equals (40 bytes)
Event: 41.730 Thread 0x000001c37f045640 nmethod 10689 0x000001c3005e1a10 code [0x000001c3005e1be0, 0x000001c3005e21e8]
Event: 41.730 Thread 0x000001c37f045640 10688       3       org.codehaus.plexus.util.introspection.ClassMap::makeMethodKey (72 bytes)
Event: 41.731 Thread 0x000001c37f045640 nmethod 10688 0x000001c3001b5610 code [0x000001c3001b5860, 0x000001c3001b5fd8]
Event: 41.731 Thread 0x000001c37f045640 10686       3       sun.reflect.generics.factory.CoreReflectionFactory::make (10 bytes)
Event: 41.731 Thread 0x000001c37f045640 nmethod 10686 0x000001c3002fb190 code [0x000001c3002fb340, 0x000001c3002fb5f8]
Event: 41.731 Thread 0x000001c37f045640 10687       3       sun.reflect.generics.factory.CoreReflectionFactory::<init> (15 bytes)
Event: 41.731 Thread 0x000001c37f045640 nmethod 10687 0x000001c300032f90 code [0x000001c300033140, 0x000001c300033358]
Event: 41.731 Thread 0x000001c37f045640 10681       3       org.apache.maven.shared.utils.io.DirectoryScanner::isIncluded (13 bytes)
Event: 41.732 Thread 0x000001c37f045640 nmethod 10681 0x000001c300beba90 code [0x000001c300bebc40, 0x000001c300bebda8]
Event: 41.732 Thread 0x000001c37f045640 10682       3       org.apache.maven.shared.utils.io.DirectoryScanner::isExcluded (13 bytes)
Event: 41.732 Thread 0x000001c37f045640 nmethod 10682 0x000001c300ec3f90 code [0x000001c300ec4140, 0x000001c300ec42a8]
Event: 41.770 Thread 0x000001c37f045640 10691       3       org.codehaus.plexus.components.io.attributes.FileAttributes::<init> (449 bytes)
Event: 41.773 Thread 0x000001c37f045640 nmethod 10691 0x000001c300ed2510 code [0x000001c300ed2a20, 0x000001c300ed5bf8]
Event: 41.773 Thread 0x000001c37f045640 10692       3       sun.nio.fs.WindowsFileSystem::supportedFileAttributeViews (4 bytes)

GC Heap History (20 events):
Event: 35.083 GC heap after
{Heap after GC invocations=35 (full 0):
 garbage-first heap   total 236544K, used 92510K [0x00000000a1e00000, 0x0000000100000000)
  region size 1024K, 2 young (2048K), 2 survivors (2048K)
 Metaspace       used 33813K, committed 34240K, reserved 1114112K
  class space    used 3792K, committed 4032K, reserved 1048576K
}
Event: 36.435 GC heap before
{Heap before GC invocations=35 (full 0):
 garbage-first heap   total 236544K, used 139614K [0x00000000a1e00000, 0x0000000100000000)
  region size 1024K, 50 young (51200K), 2 survivors (2048K)
 Metaspace       used 35558K, committed 36032K, reserved 1114112K
  class space    used 4000K, committed 4224K, reserved 1048576K
}
Event: 36.440 GC heap after
{Heap after GC invocations=36 (full 0):
 garbage-first heap   total 236544K, used 94989K [0x00000000a1e00000, 0x0000000100000000)
  region size 1024K, 4 young (4096K), 4 survivors (4096K)
 Metaspace       used 35558K, committed 36032K, reserved 1114112K
  class space    used 4000K, committed 4224K, reserved 1048576K
}
Event: 37.212 GC heap before
{Heap before GC invocations=37 (full 0):
 garbage-first heap   total 236544K, used 222925K [0x00000000a1e00000, 0x0000000100000000)
  region size 1024K, 41 young (41984K), 4 survivors (4096K)
 Metaspace       used 33890K, committed 35008K, reserved 1114112K
  class space    used 3787K, committed 4224K, reserved 1048576K
}
Event: 37.220 GC heap after
{Heap after GC invocations=38 (full 0):
 garbage-first heap   total 236544K, used 101052K [0x00000000a1e00000, 0x0000000100000000)
  region size 1024K, 10 young (10240K), 10 survivors (10240K)
 Metaspace       used 33890K, committed 35008K, reserved 1114112K
  class space    used 3787K, committed 4224K, reserved 1048576K
}
Event: 37.230 GC heap before
{Heap before GC invocations=38 (full 0):
 garbage-first heap   total 236544K, used 102076K [0x00000000a1e00000, 0x0000000100000000)
  region size 1024K, 11 young (11264K), 10 survivors (10240K)
 Metaspace       used 33890K, committed 35008K, reserved 1114112K
  class space    used 3787K, committed 4224K, reserved 1048576K
}
Event: 37.238 GC heap after
{Heap after GC invocations=39 (full 0):
 garbage-first heap   total 236544K, used 81477K [0x00000000a1e00000, 0x0000000100000000)
  region size 1024K, 2 young (2048K), 2 survivors (2048K)
 Metaspace       used 33890K, committed 35008K, reserved 1114112K
  class space    used 3787K, committed 4224K, reserved 1048576K
}
Event: 37.355 GC heap before
{Heap before GC invocations=39 (full 0):
 garbage-first heap   total 236544K, used 88645K [0x00000000a1e00000, 0x0000000100000000)
  region size 1024K, 10 young (10240K), 2 survivors (2048K)
 Metaspace       used 33890K, committed 35008K, reserved 1114112K
  class space    used 3787K, committed 4224K, reserved 1048576K
}
Event: 37.358 GC heap after
{Heap after GC invocations=40 (full 0):
 garbage-first heap   total 236544K, used 83485K [0x00000000a1e00000, 0x0000000100000000)
  region size 1024K, 4 young (4096K), 4 survivors (4096K)
 Metaspace       used 33890K, committed 35008K, reserved 1114112K
  class space    used 3787K, committed 4224K, reserved 1048576K
}
Event: 38.999 GC heap before
{Heap before GC invocations=41 (full 0):
 garbage-first heap   total 236544K, used 159261K [0x00000000a1e00000, 0x0000000100000000)
  region size 1024K, 83 young (84992K), 4 survivors (4096K)
 Metaspace       used 34199K, committed 34688K, reserved 1114112K
  class space    used 3824K, committed 4096K, reserved 1048576K
}
Event: 39.008 GC heap after
{Heap after GC invocations=42 (full 0):
 garbage-first heap   total 236544K, used 88400K [0x00000000a1e00000, 0x0000000100000000)
  region size 1024K, 11 young (11264K), 11 survivors (11264K)
 Metaspace       used 34199K, committed 34688K, reserved 1114112K
  class space    used 3824K, committed 4096K, reserved 1048576K
}
Event: 39.021 GC heap before
{Heap before GC invocations=42 (full 0):
 garbage-first heap   total 236544K, used 89424K [0x00000000a1e00000, 0x0000000100000000)
  region size 1024K, 12 young (12288K), 11 survivors (11264K)
 Metaspace       used 34207K, committed 34688K, reserved 1114112K
  class space    used 3824K, committed 4096K, reserved 1048576K
}
Event: 39.029 GC heap after
{Heap after GC invocations=43 (full 0):
 garbage-first heap   total 236544K, used 81350K [0x00000000a1e00000, 0x0000000100000000)
  region size 1024K, 2 young (2048K), 2 survivors (2048K)
 Metaspace       used 34207K, committed 34688K, reserved 1114112K
  class space    used 3824K, committed 4096K, reserved 1048576K
}
Event: 39.497 GC heap before
{Heap before GC invocations=43 (full 0):
 garbage-first heap   total 236544K, used 96710K [0x00000000a1e00000, 0x0000000100000000)
  region size 1024K, 18 young (18432K), 2 survivors (2048K)
 Metaspace       used 34474K, committed 34944K, reserved 1114112K
  class space    used 3849K, committed 4096K, reserved 1048576K
}
Event: 39.500 GC heap after
{Heap after GC invocations=44 (full 0):
 garbage-first heap   total 236544K, used 82090K [0x00000000a1e00000, 0x0000000100000000)
  region size 1024K, 2 young (2048K), 2 survivors (2048K)
 Metaspace       used 34474K, committed 34944K, reserved 1114112K
  class space    used 3849K, committed 4096K, reserved 1048576K
}
Event: 41.439 GC heap before
{Heap before GC invocations=45 (full 0):
 garbage-first heap   total 236544K, used 173226K [0x00000000a1e00000, 0x0000000100000000)
  region size 1024K, 87 young (89088K), 2 survivors (2048K)
 Metaspace       used 35737K, committed 36224K, reserved 1114112K
  class space    used 4004K, committed 4224K, reserved 1048576K
}
Event: 41.454 GC heap after
{Heap after GC invocations=46 (full 0):
 garbage-first heap   total 236544K, used 105381K [0x00000000a1e00000, 0x0000000100000000)
  region size 1024K, 11 young (11264K), 11 survivors (11264K)
 Metaspace       used 35737K, committed 36224K, reserved 1114112K
  class space    used 4004K, committed 4224K, reserved 1048576K
}
Event: 41.489 GC heap before
{Heap before GC invocations=46 (full 0):
 garbage-first heap   total 236544K, used 106405K [0x00000000a1e00000, 0x0000000100000000)
  region size 1024K, 12 young (12288K), 11 survivors (11264K)
 Metaspace       used 35784K, committed 36224K, reserved 1114112K
  class space    used 4011K, committed 4224K, reserved 1048576K
}
Event: 41.499 GC heap after
{Heap after GC invocations=47 (full 0):
 garbage-first heap   total 236544K, used 93269K [0x00000000a1e00000, 0x0000000100000000)
  region size 1024K, 1 young (1024K), 1 survivors (1024K)
 Metaspace       used 35784K, committed 36224K, reserved 1114112K
  class space    used 4011K, committed 4224K, reserved 1048576K
}
Event: 41.773 GC heap before
{Heap before GC invocations=47 (full 0):
 garbage-first heap   total 236544K, used 99413K [0x00000000a1e00000, 0x0000000100000000)
  region size 1024K, 8 young (8192K), 1 survivors (1024K)
 Metaspace       used 35865K, committed 36288K, reserved 1114112K
  class space    used 4020K, committed 4224K, reserved 1048576K
}

Deoptimization events (20 events):
Event: 41.315 Thread 0x000001c36f2a6980 DEOPT PACKING pc=0x000001c3011e99d5 sp=0x000000a9e3efc5d0
Event: 41.315 Thread 0x000001c36f2a6980 DEOPT UNPACKING pc=0x000001c307582b43 sp=0x000000a9e3efba80 mode 0
Event: 41.320 Thread 0x000001c36f2a6980 DEOPT PACKING pc=0x000001c3011e99d5 sp=0x000000a9e3efc5d0
Event: 41.320 Thread 0x000001c36f2a6980 DEOPT UNPACKING pc=0x000001c307582b43 sp=0x000000a9e3efba80 mode 0
Event: 41.337 Thread 0x000001c36f2a6980 DEOPT PACKING pc=0x000001c3011e99d5 sp=0x000000a9e3efc5d0
Event: 41.337 Thread 0x000001c36f2a6980 DEOPT UNPACKING pc=0x000001c307582b43 sp=0x000000a9e3efba80 mode 0
Event: 41.343 Thread 0x000001c36f2a6980 DEOPT PACKING pc=0x000001c3011e99d5 sp=0x000000a9e3efc200
Event: 41.343 Thread 0x000001c36f2a6980 DEOPT UNPACKING pc=0x000001c307582b43 sp=0x000000a9e3efb6b0 mode 0
Event: 41.538 Thread 0x000001c36f2a6980 Uncommon trap: trap_request=0xffffff45 fr.pc=0x000001c307cd5c08 relative=0x0000000000001fe8
Event: 41.538 Thread 0x000001c36f2a6980 Uncommon trap: reason=unstable_if action=reinterpret pc=0x000001c307cd5c08 method=lombok.launch.PackageShader.apply([B)Z @ 190 c2
Event: 41.538 Thread 0x000001c36f2a6980 DEOPT PACKING pc=0x000001c307cd5c08 sp=0x000000a9e3efc8f0
Event: 41.538 Thread 0x000001c36f2a6980 DEOPT UNPACKING pc=0x000001c3075823a3 sp=0x000000a9e3efc8c0 mode 2
Event: 41.539 Thread 0x000001c36f2a6980 Uncommon trap: trap_request=0xffffff45 fr.pc=0x000001c307f1c8d0 relative=0x0000000000000910
Event: 41.539 Thread 0x000001c36f2a6980 Uncommon trap: reason=unstable_if action=reinterpret pc=0x000001c307f1c8d0 method=lombok.launch.PackageShader.apply([B)Z @ 190 c2
Event: 41.539 Thread 0x000001c36f2a6980 DEOPT PACKING pc=0x000001c307f1c8d0 sp=0x000000a9e3ef9210
Event: 41.539 Thread 0x000001c36f2a6980 DEOPT UNPACKING pc=0x000001c3075823a3 sp=0x000000a9e3ef9190 mode 2
Event: 41.542 Thread 0x000001c36f2a6980 Uncommon trap: trap_request=0xffffff45 fr.pc=0x000001c307fd126c relative=0x000000000000082c
Event: 41.542 Thread 0x000001c36f2a6980 Uncommon trap: reason=unstable_if action=reinterpret pc=0x000001c307fd126c method=lombok.launch.PackageShader.apply([B)Z @ 190 c2
Event: 41.542 Thread 0x000001c36f2a6980 DEOPT PACKING pc=0x000001c307fd126c sp=0x000000a9e3ef7b10
Event: 41.542 Thread 0x000001c36f2a6980 DEOPT UNPACKING pc=0x000001c3075823a3 sp=0x000000a9e3ef7a90 mode 2

Classes unloaded (20 events):
Event: 37.439 Thread 0x000001c37f01c910 Unloading class 0x000001c3103fe7c8 'lombok/javac/apt/MessagerDiagnosticsReceiver'
Event: 37.439 Thread 0x000001c37f01c910 Unloading class 0x000001c3103fe420 'lombok/javac/apt/InterceptingJavaFileManager'
Event: 37.439 Thread 0x000001c37f01c910 Unloading class 0x000001c3103fe218 'lombok/permit/dummy/Parent'
Event: 37.439 Thread 0x000001c37f01c910 Unloading class 0x000001c3103fe000 'lombok/core/CleanupRegistry'
Event: 37.439 Thread 0x000001c37f01c910 Unloading class 0x000001c3103fdde0 'lombok/permit/Permit$Fake'
Event: 37.439 Thread 0x000001c37f01c910 Unloading class 0x000001c3103fdbe0 'lombok/permit/Permit'
Event: 37.439 Thread 0x000001c37f01c910 Unloading class 0x000001c3103fd9e8 'lombok/core/DiagnosticsReceiver'
Event: 37.439 Thread 0x000001c37f01c910 Unloading class 0x000001c3103fd700 'lombok/javac/apt/LombokProcessor$1'
Event: 37.439 Thread 0x000001c37f01c910 Unloading class 0x000001c3103fd468 'lombok/javac/apt/LombokProcessor'
Event: 37.439 Thread 0x000001c37f01c910 Unloading class 0x000001c3103fd238 'lombok/core/AnnotationProcessor$EcjDescriptor'
Event: 37.439 Thread 0x000001c37f01c910 Unloading class 0x000001c3103fd000 'lombok/core/AnnotationProcessor$JavacDescriptor'
Event: 37.439 Thread 0x000001c37f01c910 Unloading class 0x000001c310421a80 'lombok/core/AnnotationProcessor$ProcessorDescriptor'
Event: 37.439 Thread 0x000001c37f01c910 Unloading class 0x000001c310421800 'lombok/core/AnnotationProcessor'
Event: 37.439 Thread 0x000001c37f01c910 Unloading class 0x000001c310321000 'lombok/launch/AnnotationProcessorHider$ClaimingProcessor'
Event: 37.439 Thread 0x000001c37f01c910 Unloading class 0x000001c310421498 'lombok/launch/AnnotationProcessorHider$AstModificationNotifierData'
Event: 37.439 Thread 0x000001c37f01c910 Unloading class 0x000001c310421218 'lombok/launch/ClassFileMetaData'
Event: 37.439 Thread 0x000001c37f01c910 Unloading class 0x000001c310421000 'lombok/launch/PackageShader'
Event: 37.439 Thread 0x000001c37f01c910 Unloading class 0x000001c310420c80 'lombok/launch/ShadowClassLoader'
Event: 37.439 Thread 0x000001c37f01c910 Unloading class 0x000001c310420a80 'lombok/launch/Main'
Event: 37.439 Thread 0x000001c37f01c910 Unloading class 0x000001c310420800 'lombok/launch/AnnotationProcessorHider$AnnotationProcessor'

Classes redefined (0 events):
No events

Internal exceptions (20 events):
Event: 41.504 Thread 0x000001c36f2a6980 Exception <a 'sun/nio/fs/WindowsException'{0x00000000fff15a30}> (0x00000000fff15a30) 
thrown [s\open\src\hotspot\share\prims\jni.cpp, line 516]
Event: 41.504 Thread 0x000001c36f2a6980 Exception <a 'sun/nio/fs/WindowsException'{0x00000000fff15d60}> (0x00000000fff15d60) 
thrown [s\open\src\hotspot\share\prims\jni.cpp, line 516]
Event: 41.506 Thread 0x000001c36f2a6980 Exception <a 'sun/nio/fs/WindowsException'{0x00000000fff40618}> (0x00000000fff40618) 
thrown [s\open\src\hotspot\share\prims\jni.cpp, line 516]
Event: 41.506 Thread 0x000001c36f2a6980 Exception <a 'sun/nio/fs/WindowsException'{0x00000000fff40918}> (0x00000000fff40918) 
thrown [s\open\src\hotspot\share\prims\jni.cpp, line 516]
Event: 41.506 Thread 0x000001c36f2a6980 Exception <a 'sun/nio/fs/WindowsException'{0x00000000fff41870}> (0x00000000fff41870) 
thrown [s\open\src\hotspot\share\prims\jni.cpp, line 516]
Event: 41.506 Thread 0x000001c36f2a6980 Exception <a 'sun/nio/fs/WindowsException'{0x00000000fff41c40}> (0x00000000fff41c40) 
thrown [s\open\src\hotspot\share\prims\jni.cpp, line 516]
Event: 41.507 Thread 0x000001c36f2a6980 Exception <a 'sun/nio/fs/WindowsException'{0x00000000fff42c68}> (0x00000000fff42c68) 
thrown [s\open\src\hotspot\share\prims\jni.cpp, line 516]
Event: 41.507 Thread 0x000001c36f2a6980 Exception <a 'sun/nio/fs/WindowsException'{0x00000000fff42f98}> (0x00000000fff42f98) 
thrown [s\open\src\hotspot\share\prims\jni.cpp, line 516]
Event: 41.509 Thread 0x000001c36f2a6980 Exception <a 'sun/nio/fs/WindowsException'{0x00000000fff77b78}> (0x00000000fff77b78) 
thrown [s\open\src\hotspot\share\prims\jni.cpp, line 516]
Event: 41.509 Thread 0x000001c36f2a6980 Exception <a 'sun/nio/fs/WindowsException'{0x00000000fff77e78}> (0x00000000fff77e78) 
thrown [s\open\src\hotspot\share\prims\jni.cpp, line 516]
Event: 41.510 Thread 0x000001c36f2a6980 Exception <a 'sun/nio/fs/WindowsException'{0x00000000fff78dd0}> (0x00000000fff78dd0) 
thrown [s\open\src\hotspot\share\prims\jni.cpp, line 516]
Event: 41.510 Thread 0x000001c36f2a6980 Exception <a 'sun/nio/fs/WindowsException'{0x00000000fff791a0}> (0x00000000fff791a0) 
thrown [s\open\src\hotspot\share\prims\jni.cpp, line 516]
Event: 41.510 Thread 0x000001c36f2a6980 Exception <a 'sun/nio/fs/WindowsException'{0x00000000fff7a1c8}> (0x00000000fff7a1c8) 
thrown [s\open\src\hotspot\share\prims\jni.cpp, line 516]
Event: 41.510 Thread 0x000001c36f2a6980 Exception <a 'sun/nio/fs/WindowsException'{0x00000000fff7a4f8}> (0x00000000fff7a4f8) 
thrown [s\open\src\hotspot\share\prims\jni.cpp, line 516]
Event: 41.512 Thread 0x000001c36f2a6980 Exception <a 'sun/nio/fs/WindowsException'{0x00000000fff9c518}> (0x00000000fff9c518) 
thrown [s\open\src\hotspot\share\prims\jni.cpp, line 516]
Event: 41.512 Thread 0x000001c36f2a6980 Exception <a 'sun/nio/fs/WindowsException'{0x00000000fff9c818}> (0x00000000fff9c818) 
thrown [s\open\src\hotspot\share\prims\jni.cpp, line 516]
Event: 41.513 Thread 0x000001c36f2a6980 Exception <a 'sun/nio/fs/WindowsException'{0x00000000fff9d770}> (0x00000000fff9d770) 
thrown [s\open\src\hotspot\share\prims\jni.cpp, line 516]
Event: 41.513 Thread 0x000001c36f2a6980 Exception <a 'sun/nio/fs/WindowsException'{0x00000000fff9db40}> (0x00000000fff9db40) 
thrown [s\open\src\hotspot\share\prims\jni.cpp, line 516]
Event: 41.513 Thread 0x000001c36f2a6980 Exception <a 'sun/nio/fs/WindowsException'{0x00000000fff9eb68}> (0x00000000fff9eb68) 
thrown [s\open\src\hotspot\share\prims\jni.cpp, line 516]
Event: 41.513 Thread 0x000001c36f2a6980 Exception <a 'sun/nio/fs/WindowsException'{0x00000000fff9ee98}> (0x00000000fff9ee98) 
thrown [s\open\src\hotspot\share\prims\jni.cpp, line 516]

VM Operations (20 events):
Event: 39.008 Executing VM operation: G1CollectForAllocation done
Event: 39.021 Executing VM operation: G1CollectForAllocation
Event: 39.029 Executing VM operation: G1CollectForAllocation done
Event: 39.225 Executing VM operation: ICBufferFull
Event: 39.225 Executing VM operation: ICBufferFull done
Event: 39.497 Executing VM operation: G1TryInitiateConcMark
Event: 39.500 Executing VM operation: G1TryInitiateConcMark done
Event: 39.581 Executing VM operation: G1Concurrent
Event: 39.592 Executing VM operation: G1Concurrent done
Event: 39.623 Executing VM operation: G1Concurrent
Event: 39.623 Executing VM operation: G1Concurrent done
Event: 40.632 Executing VM operation: Cleanup
Event: 40.633 Executing VM operation: Cleanup done
Event: 41.201 Executing VM operation: HandshakeAllThreads
Event: 41.201 Executing VM operation: HandshakeAllThreads done
Event: 41.439 Executing VM operation: G1CollectForAllocation
Event: 41.454 Executing VM operation: G1CollectForAllocation done
Event: 41.489 Executing VM operation: G1CollectForAllocation
Event: 41.499 Executing VM operation: G1CollectForAllocation done
Event: 41.773 Executing VM operation: G1TryInitiateConcMark

Events (20 events):
Event: 41.226 Thread 0x000001c37f04bc40 flushing nmethod 0x000001c301126c10
Event: 41.226 Thread 0x000001c37f04bc40 flushing nmethod 0x000001c301126f90
Event: 41.226 Thread 0x000001c37f04bc40 flushing nmethod 0x000001c301127310
Event: 41.226 Thread 0x000001c37f04bc40 flushing nmethod 0x000001c301128190
Event: 41.226 Thread 0x000001c37f04bc40 flushing nmethod 0x000001c301129f10
Event: 41.226 Thread 0x000001c37f04bc40 flushing nmethod 0x000001c30112ab10
Event: 41.226 Thread 0x000001c37f04bc40 flushing nmethod 0x000001c30112b010
Event: 41.226 Thread 0x000001c37f04bc40 flushing nmethod 0x000001c30112d710
Event: 41.226 Thread 0x000001c37f04bc40 flushing nmethod 0x000001c30112dd90
Event: 41.226 Thread 0x000001c37f04bc40 flushing nmethod 0x000001c301134b90
Event: 41.226 Thread 0x000001c37f04bc40 flushing nmethod 0x000001c30113a510
Event: 41.226 Thread 0x000001c37f04bc40 flushing nmethod 0x000001c30113a890
Event: 41.226 Thread 0x000001c37f04bc40 flushing nmethod 0x000001c30113ac10
Event: 41.226 Thread 0x000001c37f04bc40 flushing nmethod 0x000001c30113b390
Event: 41.226 Thread 0x000001c37f04bc40 flushing nmethod 0x000001c30113b910
Event: 41.226 Thread 0x000001c37f04bc40 flushing nmethod 0x000001c30113eb10
Event: 41.226 Thread 0x000001c37f04bc40 flushing nmethod 0x000001c301140610
Event: 41.226 Thread 0x000001c37f04bc40 flushing nmethod 0x000001c301141e10
Event: 41.226 Thread 0x000001c37f04bc40 flushing nmethod 0x000001c30114ca10
Event: 41.226 Thread 0x000001c37f04bc40 flushing nmethod 0x000001c301163010


Dynamic libraries:
0x00007ff6f0420000 - 0x00007ff6f0430000 	C:\Program Files\Java\jdk-17\bin\java.exe
0x00007ffcccf30000 - 0x00007ffccd148000 	C:\WINDOWS\SYSTEM32\ntdll.dll
0x00007ffccbda0000 - 0x00007ffccbe64000 	C:\WINDOWS\System32\KERNEL32.DLL
0x00007ffcca6b0000 - 0x00007ffccaa83000 	C:\WINDOWS\System32\KERNELBASE.dll
0x00007ffcca3d0000 - 0x00007ffcca4e1000 	C:\WINDOWS\System32\ucrtbase.dll
0x00007ffc9f680000 - 0x00007ffc9f69b000 	C:\Program Files\Java\jdk-17\bin\VCRUNTIME140.dll
0x00007ffc9f6a0000 - 0x00007ffc9f6b9000 	C:\Program Files\Java\jdk-17\bin\jli.dll
0x00007ffccc2f0000 - 0x00007ffccc3a1000 	C:\WINDOWS\System32\ADVAPI32.dll
0x00007ffccb500000 - 0x00007ffccb5a7000 	C:\WINDOWS\System32\msvcrt.dll
0x00007ffccc4c0000 - 0x00007ffccc568000 	C:\WINDOWS\System32\sechost.dll
0x00007ffcca3a0000 - 0x00007ffcca3c8000 	C:\WINDOWS\System32\bcrypt.dll
0x00007ffccc5e0000 - 0x00007ffccc6f8000 	C:\WINDOWS\System32\RPCRT4.dll
0x00007ffccc700000 - 0x00007ffccc8b2000 	C:\WINDOWS\System32\USER32.dll
0x00007ffcbb8e0000 - 0x00007ffcbbb7c000 	C:\WINDOWS\WinSxS\amd64_microsoft.windows.common-controls_6595b64144ccf1df_6.0.22621.6060_none_2712eda17382d24b\COMCTL32.dll
0x00007ffcca0e0000 - 0x00007ffcca106000 	C:\WINDOWS\System32\win32u.dll
0x00007ffccbd70000 - 0x00007ffccbd99000 	C:\WINDOWS\System32\GDI32.dll
0x00007ffcca110000 - 0x00007ffcca22b000 	C:\WINDOWS\System32\gdi32full.dll
0x00007ffcca040000 - 0x00007ffcca0da000 	C:\WINDOWS\System32\msvcp_win.dll
0x00007ffcc3990000 - 0x00007ffcc399a000 	C:\WINDOWS\SYSTEM32\VERSION.dll
0x00007ffccccc0000 - 0x00007ffccccf1000 	C:\WINDOWS\System32\IMM32.DLL
0x00007ffc9f850000 - 0x00007ffc9f85c000 	C:\Program Files\Java\jdk-17\bin\vcruntime140_1.dll
0x00007ffc9f7c0000 - 0x00007ffc9f84e000 	C:\Program Files\Java\jdk-17\bin\msvcp140.dll
0x00007ffc9eaa0000 - 0x00007ffc9f67e000 	C:\Program Files\Java\jdk-17\bin\server\jvm.dll
0x00007ffccc9d0000 - 0x00007ffccc9d8000 	C:\WINDOWS\System32\PSAPI.DLL
0x00007ffcc51a0000 - 0x00007ffcc51d4000 	C:\WINDOWS\SYSTEM32\WINMM.dll
0x00007ffcb80b0000 - 0x00007ffcb80b9000 	C:\WINDOWS\SYSTEM32\WSOCK32.dll
0x00007ffcccd70000 - 0x00007ffcccde1000 	C:\WINDOWS\System32\WS2_32.dll
0x00007ffcc8ff0000 - 0x00007ffcc9008000 	C:\WINDOWS\SYSTEM32\kernel.appcore.dll
0x00007ffcbcf40000 - 0x00007ffcbcf4a000 	C:\Program Files\Java\jdk-17\bin\jimage.dll
0x00007ffcb98c0000 - 0x00007ffcb9af3000 	C:\WINDOWS\SYSTEM32\DBGHELP.DLL
0x00007ffccb710000 - 0x00007ffccbaa1000 	C:\WINDOWS\System32\combase.dll
0x00007ffccbc70000 - 0x00007ffccbd48000 	C:\WINDOWS\System32\OLEAUT32.dll
0x00007ffcb1660000 - 0x00007ffcb1692000 	C:\WINDOWS\SYSTEM32\dbgcore.DLL
0x00007ffccaa90000 - 0x00007ffccab0b000 	C:\WINDOWS\System32\bcryptPrimitives.dll
0x00007ffc9e870000 - 0x00007ffc9e895000 	C:\Program Files\Java\jdk-17\bin\java.dll
0x00007ffc9dd20000 - 0x00007ffc9ddf7000 	C:\Program Files\Java\jdk-17\bin\jsvml.dll
0x00007ffccac60000 - 0x00007ffccb4fc000 	C:\WINDOWS\System32\SHELL32.dll
0x00007ffcca570000 - 0x00007ffcca6af000 	C:\WINDOWS\System32\wintypes.dll
0x00007ffcc7ef0000 - 0x00007ffcc880a000 	C:\WINDOWS\SYSTEM32\windows.storage.dll
0x00007ffccc8c0000 - 0x00007ffccc9c4000 	C:\WINDOWS\System32\SHCORE.dll
0x00007ffcccd00000 - 0x00007ffcccd69000 	C:\WINDOWS\System32\shlwapi.dll
0x00007ffcc9f70000 - 0x00007ffcc9f95000 	C:\WINDOWS\SYSTEM32\profapi.dll
0x00007ffc9e780000 - 0x00007ffc9e799000 	C:\Program Files\Java\jdk-17\bin\net.dll
0x00007ffcc4ab0000 - 0x00007ffcc4bdc000 	C:\WINDOWS\SYSTEM32\WINHTTP.dll
0x00007ffcc94e0000 - 0x00007ffcc9549000 	C:\WINDOWS\system32\mswsock.dll
0x00007ffc9cac0000 - 0x00007ffc9cad6000 	C:\Program Files\Java\jdk-17\bin\nio.dll
0x00007ffc9b870000 - 0x00007ffc9b888000 	C:\Program Files\Java\jdk-17\bin\zip.dll
0x0000000069ac0000 - 0x0000000069ae4000 	C:\apache-maven-3.9.4\lib\jansi-native\Windows\x86_64\jansi.dll
0x00007ffc97730000 - 0x00007ffc97740000 	C:\Program Files\Java\jdk-17\bin\verify.dll

dbghelp: loaded successfully - version: 4.0.5 - missing functions: none
symbol engine: initialized successfully - sym options: 0x614 - pdb path: .;C:\Program Files\Java\jdk-17\bin;C:\WINDOWS\SYSTEM32;C:\WINDOWS\WinSxS\amd64_microsoft.windows.common-controls_6595b64144ccf1df_6.0.22621.6060_none_2712eda17382d24b;C:\Program Files\Java\jdk-17\bin\server;C:\apache-maven-3.9.4\lib\jansi-native\Windows\x86_64

VM Arguments:
jvm_args: -Dclassworlds.conf=C:\apache-maven-3.9.4\bin\m2.conf -Dmaven.home=C:\apache-maven-3.9.4 -Dlibrary.jansi.path=C:\apache-maven-3.9.4\lib\jansi-native -Dmaven.multiModuleProjectDirectory=D:\Projects\RelocationBuddy\relo_buddy 
java_command: org.codehaus.plexus.classworlds.launcher.Launcher -q -DskipTests package
java_class_path (initial): C:\apache-maven-3.9.4\boot\plexus-classworlds-2.7.0.jar
Launcher Type: SUN_STANDARD

[Global flags]
     intx CICompilerCount                          = 4                                         {product} {ergonomic}
     uint ConcGCThreads                            = 2                                         {product} {ergonomic}
     uint G1ConcRefinementThreads                  = 8                                         {product} {ergonomic}
   size_t G1HeapRegionSize                         = 1048576                                   {product} {ergonomic}
    uintx GCDrainStackTargetSize                   = 64                                        {product} {ergonomic}
   size_t InitialHeapSize                          = 100663296                                 {product} {ergonomic}
   size_t MarkStackSize                            = 4194304                                   {product} {ergonomic}
   size_t MaxHeapSize                              = 1579155456                                {product} {ergonomic}
   size_t MaxNewSize                               = 946864128                                 {product} {ergonomic}
   size_t MinHeapDeltaBytes                        = 1048576                                   {product} {ergonomic}
   size_t MinHeapSize                              = 8388608                                   {product} {ergonomic}
    uintx NonNMethodCodeHeapSize                   = 5839372                                {pd product} {ergonomic}
    uintx NonProfiledCodeHeapSize                  = 122909434                              {pd product} {ergonomic}
    uintx ProfiledCodeHeapSize                     = 122909434                              {pd product} {ergonomic}
    uintx ReservedCodeCacheSize                    = 251658240                              {pd product} {ergonomic}
     bool SegmentedCodeCache                       = true                                      {product} {ergonomic}
   size_t SoftMaxHeapSize                          = 1579155456                             {manageable} {ergonomic}
     bool UseCompressedClassPointers               = true                           {product lp64_product} {ergonomic}
     bool UseCompressedOops                        = true                           {product lp64_product} {ergonomic}
     bool UseG1GC                                  = true                                      {product} {ergonomic}
     bool UseLargePagesIndividualAllocation        = false                                  {pd product} {ergonomic}

Logging:
Log output configuration:
 #0: stdout all=warning uptime,level,tags
 #1: stderr all=off uptime,level,tags

Environment Variables:
JAVA_HOME=C:\Program Files\Java\jdk-17
PATH=C:\Users\Admin\AppData\Roaming\nvm;C:\Python312\Scripts\;C:\Python312\;C:\Program Files\Java\jdk-17\bin;C:\app\Admin\product\21c\dbhomeXE\bin;C:\Program Files\Common Files\Oracle\Java\javapath;C:\WINDOWS\system32;C:\WINDOWS;C:\WINDOWS\System32\Wbem;C:\WINDOWS\System32\WindowsPowerShell\v1.0\;C:\WINDOWS\System32\OpenSSH\;C:\MinGW\bin;C:\apache-maven-3.9.4\bin;C:\Program Files\MySQL\MySQL Server 8.0\bin;C:\ProgramData\chocolatey\bin;C:\Users\Admin\AppData\Roaming\nvm;C:\Program Files\nodejs;C:\Program Files\Git\cmd;C:\Program Files\Docker\Docker\resources\bin;C:\Program Files\MongoDB\Server\8.0\bin;C:\Program Files\Kubernetes\Minikube;;C:\minikube;C:\Program Files\nodejs\;C:\Program Files\MySQL\MySQL Shell 8.0\bin\;C:\Users\Admin\AppData\Local\Microsoft\WindowsApps;C:\Users\Admin\AppData\Local\Programs\Microsoft VS Code\bin;C:\Program Files\Java\jdk-17\bin;C:\Users\Admin\AppData\Roaming\nvm;C:\Program Files\nodejs;C:\Program Files\JetBrains\IntelliJ IDEA 2024.3\bin;;C:\Program Files\JetBrains\IntelliJ IDEA Community Edition 2024.3\bin;;C:\Users\Admin\AppData\Roaming\npm;C:\Users\Admin\AppData\Local\Programs\cursor\resources\app\bin
USERNAME=Admin
OS=Windows_NT
PROCESSOR_IDENTIFIER=AMD64 Family 23 Model 24 Stepping 1, AuthenticAMD



---------------  S Y S T E M  ---------------

OS:
 Windows 11 , 64 bit Build 22621 (10.0.22621.5415)
OS uptime: 3 days 4:38 hours
Hyper-V role detected

CPU: total 8 (initial active 8) (8 cores per cpu, 2 threads per core) family 23 model 24 stepping 1 microcode 0x0, cx8, cmov, fxsr, ht, mmx, 3dnowpref, sse, sse2, sse3, ssse3, sse4a, sse4.1, sse4.2, popcnt, lzcnt, tsc, tscinvbit, avx, avx2, aes, clmul, bmi1, bmi2, adx, sha, fma, vzeroupper, clflush, clflushopt, hv

Memory: 4k page, system-wide physical 6020M (320M free)
TotalPageFile size 18168M (AvailPageFile size 458M)
current process WorkingSet (physical memory assigned to process): 382M, peak: 385M
current process commit charge ("private bytes"): 415M, peak: 877M

vm_info: Java HotSpot(TM) 64-Bit Server VM (17.0.8+9-LTS-211) for windows-amd64 JRE (17.0.8+9-LTS-211), built on Jun 14 2023 10:34:31 by "mach5one" with MS VC++ 17.1 (VS2022)

END.
