#
# There is insufficient memory for the Java Runtime Environment to continue.
# Native memory allocation (mmap) failed to map 135266304 bytes for G1 virtual space
# Possible reasons:
#   The system is out of physical RAM or swap space
#   The process is running with CompressedOops enabled, and the Java Heap may be blocking the growth of the native heap
# Possible solutions:
#   Reduce memory load on the system
#   Increase physical memory or swap space
#   Check if swap backing store is full
#   Decrease Java heap size (-Xmx/-Xms)
#   Decrease number of Java threads
#   Decrease Java thread stack sizes (-Xss)
#   Set larger code cache with -XX:ReservedCodeCacheSize=
#   JVM is running with Unscaled Compressed Oops mode in which the Java heap is
#     placed in the first 4GB address space. The Java Heap base address is the
#     maximum limit for the native heap growth. Please use -XX:HeapBaseMinAddress
#     to set the Java Heap base and to place the Java Heap above 4GB virtual address.
# This output file may be truncated or incomplete.
#
#  Out of Memory Error (os_windows.cpp:3550), pid=7852, tid=2412
#
# JRE version: Java(TM) SE Runtime Environment (17.0.8+9) (build 17.0.8+9-LTS-211)
# Java VM: Java HotSpot(TM) 64-Bit Server VM (17.0.8+9-LTS-211, mixed mode, sharing, tiered, compressed oops, compressed class ptrs, g1 gc, windows-amd64)
# No core dump will be written. Minidumps are not enabled by default on client versions of Windows
#

---------------  S U M M A R Y ------------

Command Line: -Xmx512m -Dclassworlds.conf=C:\apache-maven-3.9.4\bin\m2.conf -Dmaven.home=C:\apache-maven-3.9.4 -Dlibrary.jansi.path=C:\apache-maven-3.9.4\lib\jansi-native -Dmaven.multiModuleProjectDirectory=D:\Projects\RelocationBuddy\relo_buddy org.codehaus.plexus.classworlds.launcher.Launcher -q -DskipTests package

Host: AMD Ryzen 5 3500U with Radeon Vega Mobile Gfx  , 8 cores, 5G,  Windows 11 , 64 bit Build 22621 (10.0.22621.5415)
Time: Tue Mar 17 17:58:01 2026 India Standard Time elapsed time: 8.570847 seconds (0d 0h 0m 8s)

---------------  T H R E A D  ---------------

Current thread (0x000001ed537ae670):  VMThread "VM Thread" [stack: 0x0000008523f00000,0x0000008524000000] [id=2412]

Stack: [0x0000008523f00000,0x0000008524000000]
Native frames: (J=compiled Java code, j=interpreted, Vv=VM code, C=native code)
V  [jvm.dll+0x677d0a]
V  [jvm.dll+0x7d8c54]
V  [jvm.dll+0x7da3fe]
V  [jvm.dll+0x7daa63]
V  [jvm.dll+0x245c5f]
V  [jvm.dll+0x674bb9]
V  [jvm.dll+0x6694f2]
V  [jvm.dll+0x3031d6]
V  [jvm.dll+0x30a756]
V  [jvm.dll+0x359f9e]
V  [jvm.dll+0x35a1cf]
V  [jvm.dll+0x2da3e8]
V  [jvm.dll+0x2d87f5]
V  [jvm.dll+0x2d7dfc]
V  [jvm.dll+0x31b7f1]
V  [jvm.dll+0x7df26b]
V  [jvm.dll+0x7dffa4]
V  [jvm.dll+0x7e04bd]
V  [jvm.dll+0x7e0894]
V  [jvm.dll+0x7e0960]
V  [jvm.dll+0x788bba]
V  [jvm.dll+0x676b35]
C  [ucrtbase.dll+0x29333]
C  [KERNEL32.DLL+0x1259d]
C  [ntdll.dll+0x5af78]

VM_Operation (0x00000085239fd538): G1TryInitiateConcMark, mode: safepoint, requested by thread 0x000001ed536e58e0


---------------  P R O C E S S  ---------------

Threads class SMR info:
_java_thread_list=0x000001ed730fa7d0, length=13, elements={
0x000001ed536e58e0, 0x000001ed6df64330, 0x000001ed6df650b0, 0x000001ed6df77920,
0x000001ed6df7a3e0, 0x000001ed6df7cda0, 0x000001ed6df7fe20, 0x000001ed6df82420,
0x000001ed6df8e3d0, 0x000001ed6df93a00, 0x000001ed6df802f0, 0x000001ed6df807c0,
0x000001ed7312e400
}

Java Threads: ( => current thread )
  0x000001ed536e58e0 JavaThread "main" [_thread_blocked, id=10920, stack(0x0000008523900000,0x0000008523a00000)]
  0x000001ed6df64330 JavaThread "Reference Handler" daemon [_thread_blocked, id=15476, stack(0x0000008524000000,0x0000008524100000)]
  0x000001ed6df650b0 JavaThread "Finalizer" daemon [_thread_blocked, id=1356, stack(0x0000008524100000,0x0000008524200000)]
  0x000001ed6df77920 JavaThread "Signal Dispatcher" daemon [_thread_blocked, id=21232, stack(0x0000008524200000,0x0000008524300000)]
  0x000001ed6df7a3e0 JavaThread "Attach Listener" daemon [_thread_blocked, id=9344, stack(0x0000008524300000,0x0000008524400000)]
  0x000001ed6df7cda0 JavaThread "Service Thread" daemon [_thread_blocked, id=19060, stack(0x0000008524400000,0x0000008524500000)]
  0x000001ed6df7fe20 JavaThread "Monitor Deflation Thread" daemon [_thread_blocked, id=19196, stack(0x0000008524500000,0x0000008524600000)]
  0x000001ed6df82420 JavaThread "C2 CompilerThread0" daemon [_thread_in_native, id=6228, stack(0x0000008524600000,0x0000008524700000)]
  0x000001ed6df8e3d0 JavaThread "C1 CompilerThread0" daemon [_thread_blocked, id=15176, stack(0x0000008524700000,0x0000008524800000)]
  0x000001ed6df93a00 JavaThread "Sweeper thread" daemon [_thread_blocked, id=19480, stack(0x0000008524800000,0x0000008524900000)]
  0x000001ed6df802f0 JavaThread "Notification Thread" daemon [_thread_blocked, id=20316, stack(0x0000008524900000,0x0000008524a00000)]
  0x000001ed6df807c0 JavaThread "Common-Cleaner" daemon [_thread_blocked, id=19752, stack(0x0000008524b00000,0x0000008524c00000)]
  0x000001ed7312e400 JavaThread "C2 CompilerThread1" daemon [_thread_blocked, id=14188, stack(0x0000008524c00000,0x0000008524d00000)]

Other Threads:
=>0x000001ed537ae670 VMThread "VM Thread" [stack: 0x0000008523f00000,0x0000008524000000] [id=2412]
  0x000001ed6e211f40 WatcherThread [stack: 0x0000008524a00000,0x0000008524b00000] [id=20848]
  0x000001ed53713810 GCTaskThread "GC Thread#0" [stack: 0x0000008523a00000,0x0000008523b00000] [id=14672]
  0x000001ed6ec77d40 GCTaskThread "GC Thread#1" [stack: 0x0000008524d00000,0x0000008524e00000] [id=8580]
  0x000001ed6eb26b10 GCTaskThread "GC Thread#2" [stack: 0x0000008524e00000,0x0000008524f00000] [id=13220]
  0x000001ed6eb84be0 GCTaskThread "GC Thread#3" [stack: 0x0000008524f00000,0x0000008525000000] [id=11596]
  0x000001ed6e9dbd00 GCTaskThread "GC Thread#4" [stack: 0x0000008525000000,0x0000008525100000] [id=20396]
  0x000001ed6e9dbfb0 GCTaskThread "GC Thread#5" [stack: 0x0000008525100000,0x0000008525200000] [id=20252]
  0x000001ed6ecf0ef0 GCTaskThread "GC Thread#6" [stack: 0x0000008525200000,0x0000008525300000] [id=17428]
  0x000001ed6ecd6610 GCTaskThread "GC Thread#7" [stack: 0x0000008525300000,0x0000008525400000] [id=11816]
  0x000001ed53718750 ConcurrentGCThread "G1 Main Marker" [stack: 0x0000008523b00000,0x0000008523c00000] [id=1536]
  0x000001ed5371a910 ConcurrentGCThread "G1 Conc#0" [stack: 0x0000008523c00000,0x0000008523d00000] [id=21252]
  0x000001ed5378fc10 ConcurrentGCThread "G1 Refine#0" [stack: 0x0000008523d00000,0x0000008523e00000] [id=9712]
  0x000001ed738edea0 ConcurrentGCThread "G1 Refine#1" [stack: 0x0000008525400000,0x0000008525500000] [id=20632]
  0x000001ed7356fe20 ConcurrentGCThread "G1 Refine#2" [stack: 0x0000008525500000,0x0000008525600000] [id=17336]
  0x000001ed73e51720 ConcurrentGCThread "G1 Refine#3" [stack: 0x0000008525600000,0x0000008525700000] [id=11972]
  0x000001ed53790630 ConcurrentGCThread "G1 Service" [stack: 0x0000008523e00000,0x0000008523f00000] [id=4244]

Threads with active compile tasks:
C2 CompilerThread0     8635 4537   !   4       org.codehaus.plexus.interpolation.ObjectBasedValueSource::getValue (66 bytes)

VM state: at safepoint (normal execution)

VM Mutex/Monitor currently owned by a thread:  ([mutex/lock_event])
[0x000001ed536e2250] Threads_lock - owner thread: 0x000001ed537ae670
[0x000001ed536e2490] Heap_lock - owner thread: 0x000001ed536e58e0

Heap address: 0x00000000e0000000, size: 512 MB, Compressed Oops mode: 32-bit

CDS archive(s) mapped at: [0x000001ed00000000-0x000001ed00bd0000-0x000001ed00bd0000), size 12386304, SharedBaseAddress: 0x000001ed00000000, ArchiveRelocationMode: 1.
Compressed class space mapped at: 0x000001ed01000000-0x000001ed41000000, reserved size: 1073741824
Narrow klass base: 0x000001ed00000000, Narrow klass shift: 0, Narrow klass range: 0x100000000

GC Precious Log:
 CPUs: 8 total, 8 available
 Memory: 6020M
 Large Page Support: Disabled
 NUMA Support: Disabled
 Compressed Oops: Enabled (32-bit)
 Heap Region Size: 1M
 Heap Min Capacity: 8M
 Heap Initial Capacity: 96M
 Heap Max Capacity: 512M
 Pre-touch: Disabled
 Parallel Workers: 8
 Concurrent Workers: 2
 Concurrent Refinement Workers: 8
 Periodic GC: Disabled

Heap:
 garbage-first heap   total 98304K, used 48548K [0x00000000e0000000, 0x0000000100000000)
  region size 1024K, 1 young (1024K), 1 survivors (1024K)
 Metaspace       used 17035K, committed 17280K, reserved 1114112K
  class space    used 1936K, committed 2048K, reserved 1048576K

Heap Regions: E=young(eden), S=young(survivor), O=old, HS=humongous(starts), HC=humongous(continues), CS=collection set, F=free, OA=open archive, CA=closed archive, TAMS=top-at-mark-start (previous, next)
|   0|0x00000000e0000000, 0x00000000e0100000, 0x00000000e0100000|100%| O|  |TAMS 0x00000000e0000000, 0x00000000e0100000| Untracked 
|   1|0x00000000e0100000, 0x00000000e0200000, 0x00000000e0200000|100%| O|  |TAMS 0x00000000e0100000, 0x00000000e0200000| Untracked 
|   2|0x00000000e0200000, 0x00000000e0300000, 0x00000000e0300000|100%| O|  |TAMS 0x00000000e0200000, 0x00000000e0300000| Untracked 
|   3|0x00000000e0300000, 0x00000000e0400000, 0x00000000e0400000|100%| O|  |TAMS 0x00000000e0300000, 0x00000000e0400000| Untracked 
|   4|0x00000000e0400000, 0x00000000e0500000, 0x00000000e0500000|100%| O|  |TAMS 0x00000000e0400000, 0x00000000e0500000| Untracked 
|   5|0x00000000e0500000, 0x00000000e0600000, 0x00000000e0600000|100%| O|  |TAMS 0x00000000e0500000, 0x00000000e0600000| Untracked 
|   6|0x00000000e0600000, 0x00000000e0700000, 0x00000000e0700000|100%| O|  |TAMS 0x00000000e0600000, 0x00000000e0700000| Untracked 
|   7|0x00000000e0700000, 0x00000000e0800000, 0x00000000e0800000|100%| O|  |TAMS 0x00000000e0700000, 0x00000000e0800000| Untracked 
|   8|0x00000000e0800000, 0x00000000e0900000, 0x00000000e0900000|100%| O|  |TAMS 0x00000000e0800000, 0x00000000e0900000| Untracked 
|   9|0x00000000e0900000, 0x00000000e0a00000, 0x00000000e0a00000|100%| O|  |TAMS 0x00000000e0900000, 0x00000000e0a00000| Untracked 
|  10|0x00000000e0a00000, 0x00000000e0b00000, 0x00000000e0b00000|100%| O|  |TAMS 0x00000000e0a00000, 0x00000000e0b00000| Untracked 
|  11|0x00000000e0b00000, 0x00000000e0c00000, 0x00000000e0c00000|100%| O|  |TAMS 0x00000000e0b00000, 0x00000000e0c00000| Untracked 
|  12|0x00000000e0c00000, 0x00000000e0d00000, 0x00000000e0d00000|100%| O|  |TAMS 0x00000000e0c00000, 0x00000000e0d00000| Untracked 
|  13|0x00000000e0d00000, 0x00000000e0e00000, 0x00000000e0e00000|100%| O|  |TAMS 0x00000000e0d00000, 0x00000000e0e00000| Untracked 
|  14|0x00000000e0e00000, 0x00000000e0f00000, 0x00000000e0f00000|100%| O|  |TAMS 0x00000000e0e00000, 0x00000000e0f00000| Untracked 
|  15|0x00000000e0f00000, 0x00000000e1000000, 0x00000000e1000000|100%| O|  |TAMS 0x00000000e0f00000, 0x00000000e1000000| Untracked 
|  16|0x00000000e1000000, 0x00000000e1100000, 0x00000000e1100000|100%| O|  |TAMS 0x00000000e1000000, 0x00000000e1100000| Untracked 
|  17|0x00000000e1100000, 0x00000000e1200000, 0x00000000e1200000|100%| O|  |TAMS 0x00000000e1100000, 0x00000000e1200000| Untracked 
|  18|0x00000000e1200000, 0x00000000e1300000, 0x00000000e1300000|100%| O|  |TAMS 0x00000000e1200000, 0x00000000e1300000| Untracked 
|  19|0x00000000e1300000, 0x00000000e1400000, 0x00000000e1400000|100%| O|  |TAMS 0x00000000e1300000, 0x00000000e1400000| Untracked 
|  20|0x00000000e1400000, 0x00000000e1500000, 0x00000000e1500000|100%| O|  |TAMS 0x00000000e1400000, 0x00000000e1500000| Untracked 
|  21|0x00000000e1500000, 0x00000000e1600000, 0x00000000e1600000|100%|HS|  |TAMS 0x00000000e1500000, 0x00000000e1600000| Complete 
|  22|0x00000000e1600000, 0x00000000e1700000, 0x00000000e1700000|100%|HC|  |TAMS 0x00000000e1600000, 0x00000000e1700000| Complete 
|  23|0x00000000e1700000, 0x00000000e1800000, 0x00000000e1800000|100%|HC|  |TAMS 0x00000000e1700000, 0x00000000e1800000| Complete 
|  24|0x00000000e1800000, 0x00000000e1900000, 0x00000000e1900000|100%|HC|  |TAMS 0x00000000e1800000, 0x00000000e1900000| Complete 
|  25|0x00000000e1900000, 0x00000000e1a00000, 0x00000000e1a00000|100%|HC|  |TAMS 0x00000000e1900000, 0x00000000e1a00000| Complete 
|  26|0x00000000e1a00000, 0x00000000e1b00000, 0x00000000e1b00000|100%|HC|  |TAMS 0x00000000e1a00000, 0x00000000e1b00000| Complete 
|  27|0x00000000e1b00000, 0x00000000e1c00000, 0x00000000e1c00000|100%|HC|  |TAMS 0x00000000e1b00000, 0x00000000e1c00000| Complete 
|  28|0x00000000e1c00000, 0x00000000e1d00000, 0x00000000e1d00000|100%|HC|  |TAMS 0x00000000e1c00000, 0x00000000e1d00000| Complete 
|  29|0x00000000e1d00000, 0x00000000e1e00000, 0x00000000e1e00000|100%|HS|  |TAMS 0x00000000e1d00000, 0x00000000e1e00000| Complete 
|  30|0x00000000e1e00000, 0x00000000e1f00000, 0x00000000e1f00000|100%|HC|  |TAMS 0x00000000e1e00000, 0x00000000e1f00000| Complete 
|  31|0x00000000e1f00000, 0x00000000e2000000, 0x00000000e2000000|100%|HC|  |TAMS 0x00000000e1f00000, 0x00000000e2000000| Complete 
|  32|0x00000000e2000000, 0x00000000e2100000, 0x00000000e2100000|100%|HC|  |TAMS 0x00000000e2000000, 0x00000000e2100000| Complete 
|  33|0x00000000e2100000, 0x00000000e2200000, 0x00000000e2200000|100%|HC|  |TAMS 0x00000000e2100000, 0x00000000e2200000| Complete 
|  34|0x00000000e2200000, 0x00000000e2300000, 0x00000000e2300000|100%|HC|  |TAMS 0x00000000e2200000, 0x00000000e2300000| Complete 
|  35|0x00000000e2300000, 0x00000000e2400000, 0x00000000e2400000|100%|HC|  |TAMS 0x00000000e2300000, 0x00000000e2400000| Complete 
|  36|0x00000000e2400000, 0x00000000e2500000, 0x00000000e2500000|100%|HC|  |TAMS 0x00000000e2400000, 0x00000000e2500000| Complete 
|  37|0x00000000e2500000, 0x00000000e2600000, 0x00000000e2600000|100%|HC|  |TAMS 0x00000000e2500000, 0x00000000e2600000| Complete 
|  38|0x00000000e2600000, 0x00000000e2700000, 0x00000000e2700000|100%|HC|  |TAMS 0x00000000e2600000, 0x00000000e2700000| Complete 
|  39|0x00000000e2700000, 0x00000000e2800000, 0x00000000e2800000|100%|HC|  |TAMS 0x00000000e2700000, 0x00000000e2800000| Complete 
|  40|0x00000000e2800000, 0x00000000e2900000, 0x00000000e2900000|100%|HC|  |TAMS 0x00000000e2800000, 0x00000000e2900000| Complete 
|  41|0x00000000e2900000, 0x00000000e2a00000, 0x00000000e2a00000|100%| O|  |TAMS 0x00000000e2900000, 0x00000000e2a00000| Untracked 
|  42|0x00000000e2a00000, 0x00000000e2b00000, 0x00000000e2b00000|100%| O|  |TAMS 0x00000000e2a00000, 0x00000000e2b00000| Untracked 
|  43|0x00000000e2b00000, 0x00000000e2c00000, 0x00000000e2c00000|100%| O|  |TAMS 0x00000000e2b00000, 0x00000000e2c00000| Untracked 
|  44|0x00000000e2c00000, 0x00000000e2d00000, 0x00000000e2d00000|100%| O|  |TAMS 0x00000000e2c00000, 0x00000000e2d00000| Untracked 
|  45|0x00000000e2d00000, 0x00000000e2e00000, 0x00000000e2e00000|100%| O|  |TAMS 0x00000000e2d00000, 0x00000000e2e00000| Untracked 
|  46|0x00000000e2e00000, 0x00000000e2f00000, 0x00000000e2f00000|100%| O|  |TAMS 0x00000000e2e00000, 0x00000000e2f00000| Untracked 
|  47|0x00000000e2f00000, 0x00000000e2f52c00, 0x00000000e3000000| 32%| O|  |TAMS 0x00000000e2f00000, 0x00000000e2f52c00| Untracked 
|  48|0x00000000e3000000, 0x00000000e3000000, 0x00000000e3100000|  0%| F|  |TAMS 0x00000000e3000000, 0x00000000e3000000| Untracked 
|  49|0x00000000e3100000, 0x00000000e3100000, 0x00000000e3200000|  0%| F|  |TAMS 0x00000000e3100000, 0x00000000e3100000| Untracked 
|  50|0x00000000e3200000, 0x00000000e3200000, 0x00000000e3300000|  0%| F|  |TAMS 0x00000000e3200000, 0x00000000e3200000| Untracked 
|  51|0x00000000e3300000, 0x00000000e3300000, 0x00000000e3400000|  0%| F|  |TAMS 0x00000000e3300000, 0x00000000e3300000| Untracked 
|  52|0x00000000e3400000, 0x00000000e3400000, 0x00000000e3500000|  0%| F|  |TAMS 0x00000000e3400000, 0x00000000e3400000| Untracked 
|  53|0x00000000e3500000, 0x00000000e3500000, 0x00000000e3600000|  0%| F|  |TAMS 0x00000000e3500000, 0x00000000e3500000| Untracked 
|  54|0x00000000e3600000, 0x00000000e3600000, 0x00000000e3700000|  0%| F|  |TAMS 0x00000000e3600000, 0x00000000e3600000| Untracked 
|  55|0x00000000e3700000, 0x00000000e3700000, 0x00000000e3800000|  0%| F|  |TAMS 0x00000000e3700000, 0x00000000e3700000| Untracked 
|  56|0x00000000e3800000, 0x00000000e3800000, 0x00000000e3900000|  0%| F|  |TAMS 0x00000000e3800000, 0x00000000e3800000| Untracked 
|  57|0x00000000e3900000, 0x00000000e3900000, 0x00000000e3a00000|  0%| F|  |TAMS 0x00000000e3900000, 0x00000000e3900000| Untracked 
|  58|0x00000000e3a00000, 0x00000000e3a00000, 0x00000000e3b00000|  0%| F|  |TAMS 0x00000000e3a00000, 0x00000000e3a00000| Untracked 
|  59|0x00000000e3b00000, 0x00000000e3b00000, 0x00000000e3c00000|  0%| F|  |TAMS 0x00000000e3b00000, 0x00000000e3b00000| Untracked 
|  60|0x00000000e3c00000, 0x00000000e3c00000, 0x00000000e3d00000|  0%| F|  |TAMS 0x00000000e3c00000, 0x00000000e3c00000| Untracked 
|  61|0x00000000e3d00000, 0x00000000e3d00000, 0x00000000e3e00000|  0%| F|  |TAMS 0x00000000e3d00000, 0x00000000e3d00000| Untracked 
|  62|0x00000000e3e00000, 0x00000000e3e00000, 0x00000000e3f00000|  0%| F|  |TAMS 0x00000000e3e00000, 0x00000000e3e00000| Untracked 
|  63|0x00000000e3f00000, 0x00000000e3f00000, 0x00000000e4000000|  0%| F|  |TAMS 0x00000000e3f00000, 0x00000000e3f00000| Untracked 
|  64|0x00000000e4000000, 0x00000000e4000000, 0x00000000e4100000|  0%| F|  |TAMS 0x00000000e4000000, 0x00000000e4000000| Untracked 
|  65|0x00000000e4100000, 0x00000000e4100000, 0x00000000e4200000|  0%| F|  |TAMS 0x00000000e4100000, 0x00000000e4100000| Untracked 
|  66|0x00000000e4200000, 0x00000000e4200000, 0x00000000e4300000|  0%| F|  |TAMS 0x00000000e4200000, 0x00000000e4200000| Untracked 
|  67|0x00000000e4300000, 0x00000000e4300000, 0x00000000e4400000|  0%| F|  |TAMS 0x00000000e4300000, 0x00000000e4300000| Untracked 
|  68|0x00000000e4400000, 0x00000000e4400000, 0x00000000e4500000|  0%| F|  |TAMS 0x00000000e4400000, 0x00000000e4400000| Untracked 
|  69|0x00000000e4500000, 0x00000000e4500000, 0x00000000e4600000|  0%| F|  |TAMS 0x00000000e4500000, 0x00000000e4500000| Untracked 
|  70|0x00000000e4600000, 0x00000000e4600000, 0x00000000e4700000|  0%| F|  |TAMS 0x00000000e4600000, 0x00000000e4600000| Untracked 
|  71|0x00000000e4700000, 0x00000000e4700000, 0x00000000e4800000|  0%| F|  |TAMS 0x00000000e4700000, 0x00000000e4700000| Untracked 
|  72|0x00000000e4800000, 0x00000000e4800000, 0x00000000e4900000|  0%| F|  |TAMS 0x00000000e4800000, 0x00000000e4800000| Untracked 
|  73|0x00000000e4900000, 0x00000000e4900000, 0x00000000e4a00000|  0%| F|  |TAMS 0x00000000e4900000, 0x00000000e4900000| Untracked 
|  74|0x00000000e4a00000, 0x00000000e4a00000, 0x00000000e4b00000|  0%| F|  |TAMS 0x00000000e4a00000, 0x00000000e4a00000| Untracked 
|  75|0x00000000e4b00000, 0x00000000e4b00000, 0x00000000e4c00000|  0%| F|  |TAMS 0x00000000e4b00000, 0x00000000e4b00000| Untracked 
|  76|0x00000000e4c00000, 0x00000000e4c00000, 0x00000000e4d00000|  0%| F|  |TAMS 0x00000000e4c00000, 0x00000000e4c00000| Untracked 
|  77|0x00000000e4d00000, 0x00000000e4d00000, 0x00000000e4e00000|  0%| F|  |TAMS 0x00000000e4d00000, 0x00000000e4d00000| Untracked 
|  78|0x00000000e4e00000, 0x00000000e4e00000, 0x00000000e4f00000|  0%| F|  |TAMS 0x00000000e4e00000, 0x00000000e4e00000| Untracked 
|  79|0x00000000e4f00000, 0x00000000e4f00000, 0x00000000e5000000|  0%| F|  |TAMS 0x00000000e4f00000, 0x00000000e4f00000| Untracked 
|  80|0x00000000e5000000, 0x00000000e5000000, 0x00000000e5100000|  0%| F|  |TAMS 0x00000000e5000000, 0x00000000e5000000| Untracked 
|  81|0x00000000e5100000, 0x00000000e5100000, 0x00000000e5200000|  0%| F|  |TAMS 0x00000000e5100000, 0x00000000e5100000| Untracked 
|  82|0x00000000e5200000, 0x00000000e5200000, 0x00000000e5300000|  0%| F|  |TAMS 0x00000000e5200000, 0x00000000e5200000| Untracked 
|  83|0x00000000e5300000, 0x00000000e5300000, 0x00000000e5400000|  0%| F|  |TAMS 0x00000000e5300000, 0x00000000e5300000| Untracked 
|  84|0x00000000e5400000, 0x00000000e5400000, 0x00000000e5500000|  0%| F|  |TAMS 0x00000000e5400000, 0x00000000e5400000| Untracked 
|  85|0x00000000e5500000, 0x00000000e5500000, 0x00000000e5600000|  0%| F|  |TAMS 0x00000000e5500000, 0x00000000e5500000| Untracked 
|  86|0x00000000e5600000, 0x00000000e5600000, 0x00000000e5700000|  0%| F|  |TAMS 0x00000000e5600000, 0x00000000e5600000| Untracked 
|  87|0x00000000e5700000, 0x00000000e5700000, 0x00000000e5800000|  0%| F|  |TAMS 0x00000000e5700000, 0x00000000e5700000| Untracked 
|  88|0x00000000e5800000, 0x00000000e5800000, 0x00000000e5900000|  0%| F|  |TAMS 0x00000000e5800000, 0x00000000e5800000| Untracked 
|  89|0x00000000e5900000, 0x00000000e5900000, 0x00000000e5a00000|  0%| F|  |TAMS 0x00000000e5900000, 0x00000000e5900000| Untracked 
|  90|0x00000000e5a00000, 0x00000000e5a00000, 0x00000000e5b00000|  0%| F|  |TAMS 0x00000000e5a00000, 0x00000000e5a00000| Untracked 
|  91|0x00000000e5b00000, 0x00000000e5b00000, 0x00000000e5c00000|  0%| F|  |TAMS 0x00000000e5b00000, 0x00000000e5b00000| Untracked 
|  92|0x00000000e5c00000, 0x00000000e5c00000, 0x00000000e5d00000|  0%| F|  |TAMS 0x00000000e5c00000, 0x00000000e5c00000| Untracked 
|  93|0x00000000e5d00000, 0x00000000e5d00000, 0x00000000e5e00000|  0%| F|  |TAMS 0x00000000e5d00000, 0x00000000e5d00000| Untracked 
|  94|0x00000000e5e00000, 0x00000000e5e167b0, 0x00000000e5f00000|  8%| S|CS|TAMS 0x00000000e5e00000, 0x00000000e5e00000| Complete 
|  95|0x00000000e5f00000, 0x00000000e5f00000, 0x00000000e6000000|  0%| F|  |TAMS 0x00000000e5f00000, 0x00000000e5f00000| Untracked 

Card table byte_map: [0x000001ed6a3b0000,0x000001ed6a4b0000] _byte_map_base: 0x000001ed69cb0000

Marking Bits (Prev, Next): (CMBitMap*) 0x000001ed53713e20, (CMBitMap*) 0x000001ed53713e60
 Prev Bits: [0x000001ed6a5b0000, 0x000001ed6adb0000)
 Next Bits: [0x000001ed6adb0000, 0x000001ed6b5b0000)

Polling page: 0x000001ed516e0000

Metaspace:

Usage:
  Non-class:     14.75 MB used.
      Class:      1.89 MB used.
       Both:     16.64 MB used.

Virtual space:
  Non-class space:       64.00 MB reserved,      14.88 MB ( 23%) committed,  1 nodes.
      Class space:        1.00 GB reserved,       2.00 MB ( <1%) committed,  1 nodes.
             Both:        1.06 GB reserved,      16.88 MB (  2%) committed. 

Chunk freelists:
   Non-Class:  720.00 KB
       Class:  13.86 MB
        Both:  14.56 MB

MaxMetaspaceSize: unlimited
CompressedClassSpaceSize: 1.00 GB
Initial GC threshold: 21.00 MB
Current GC threshold: 21.00 MB
CDS: on
MetaspaceReclaimPolicy: balanced
 - commit_granule_bytes: 65536.
 - commit_granule_words: 8192.
 - virtual_space_node_default_size: 8388608.
 - enlarge_chunks_in_place: 1.
 - new_chunks_are_fully_committed: 0.
 - uncommit_free_chunks: 1.
 - use_allocation_guard: 0.
 - handle_deallocations: 1.


Internal statistics:

num_allocs_failed_limit: 0.
num_arena_births: 116.
num_arena_deaths: 0.
num_vsnodes_births: 2.
num_vsnodes_deaths: 0.
num_space_committed: 270.
num_space_uncommitted: 0.
num_chunks_returned_to_freelist: 0.
num_chunks_taken_from_freelist: 721.
num_chunk_merges: 0.
num_chunk_splits: 490.
num_chunks_enlarged: 384.
num_purges: 0.
num_inconsistent_stats: 0.

CodeHeap 'non-profiled nmethods': size=120000Kb used=2378Kb max_used=2378Kb free=117621Kb
 bounds [0x000001ed62a50000, 0x000001ed62cc0000, 0x000001ed69f80000]
CodeHeap 'profiled nmethods': size=120000Kb used=9921Kb max_used=9921Kb free=110078Kb
 bounds [0x000001ed5af80000, 0x000001ed5b940000, 0x000001ed624b0000]
CodeHeap 'non-nmethods': size=5760Kb used=1181Kb max_used=1229Kb free=4578Kb
 bounds [0x000001ed624b0000, 0x000001ed62720000, 0x000001ed62a50000]
 total_blobs=5088 nmethods=4614 adapters=386
 compilation: enabled
              stopped_count=0, restarted_count=0
 full_count=0

Compilation events (20 events):
Event: 8.437 Thread 0x000001ed6df8e3d0 nmethod 4610 0x000001ed5b92a090 code [0x000001ed5b92a480, 0x000001ed5b92c9b8]
Event: 8.437 Thread 0x000001ed6df8e3d0 4611       3       java.io.WinNTFileSystem::isAbsolute (36 bytes)
Event: 8.442 Thread 0x000001ed6df8e3d0 nmethod 4611 0x000001ed5b92d710 code [0x000001ed5b92d920, 0x000001ed5b92e018]
Event: 8.447 Thread 0x000001ed7312e400 nmethod 4609 0x000001ed62ca0690 code [0x000001ed62ca0860, 0x000001ed62ca15b8]
Event: 8.448 Thread 0x000001ed7312e400 4612       4       java.lang.Integer::valueOf (32 bytes)
Event: 8.450 Thread 0x000001ed7312e400 nmethod 4612 0x000001ed62ca1c90 code [0x000001ed62ca1e20, 0x000001ed62ca1f38]
Event: 8.450 Thread 0x000001ed7312e400 4613       4       java.util.TreeMap$KeyIterator::next (8 bytes)
Event: 8.459 Thread 0x000001ed7312e400 nmethod 4613 0x000001ed62ca2010 code [0x000001ed62ca21a0, 0x000001ed62ca2498]
Event: 8.546 Thread 0x000001ed6df8e3d0 4614       3       java.io.BufferedReader::ensureOpen (18 bytes)
Event: 8.546 Thread 0x000001ed6df8e3d0 nmethod 4614 0x000001ed5b92e310 code [0x000001ed5b92e4c0, 0x000001ed5b92e6c8]
Event: 8.546 Thread 0x000001ed6df8e3d0 4615       3       org.apache.maven.shared.filtering.BoundedReader::read (31 bytes)
Event: 8.547 Thread 0x000001ed6df8e3d0 nmethod 4615 0x000001ed5b92e790 code [0x000001ed5b92e940, 0x000001ed5b92eb88]
Event: 8.547 Thread 0x000001ed6df8e3d0 4616   !   3       java.io.BufferedReader::read (104 bytes)
Event: 8.548 Thread 0x000001ed6df8e3d0 nmethod 4616 0x000001ed5b92ec90 code [0x000001ed5b92ee80, 0x000001ed5b92f458]
Event: 8.548 Thread 0x000001ed6df8e3d0 4618       3       org.apache.maven.shared.filtering.BoundedReader::reset (13 bytes)
Event: 8.548 Thread 0x000001ed6df8e3d0 nmethod 4618 0x000001ed5b92f790 code [0x000001ed5b92f940, 0x000001ed5b92fb28]
Event: 8.548 Thread 0x000001ed6df8e3d0 4619   !   3       java.io.BufferedReader::reset (69 bytes)
Event: 8.549 Thread 0x000001ed6df8e3d0 nmethod 4619 0x000001ed5b92fc10 code [0x000001ed5b92fe00, 0x000001ed5b9302f8]
Event: 8.549 Thread 0x000001ed6df8e3d0 4617       1       org.codehaus.plexus.interpolation.multi.DelimiterSpecification::getBegin (5 bytes)
Event: 8.549 Thread 0x000001ed6df8e3d0 nmethod 4617 0x000001ed62ca2610 code [0x000001ed62ca27a0, 0x000001ed62ca2878]

GC Heap History (17 events):
Event: 1.375 GC heap before
{Heap before GC invocations=0 (full 0):
 garbage-first heap   total 98304K, used 22528K [0x00000000e0000000, 0x0000000100000000)
  region size 1024K, 23 young (23552K), 0 survivors (0K)
 Metaspace       used 5496K, committed 5696K, reserved 1114112K
  class space    used 658K, committed 768K, reserved 1048576K
}
Event: 1.386 GC heap after
{Heap after GC invocations=1 (full 0):
 garbage-first heap   total 98304K, used 3812K [0x00000000e0000000, 0x0000000100000000)
  region size 1024K, 3 young (3072K), 3 survivors (3072K)
 Metaspace       used 5496K, committed 5696K, reserved 1114112K
  class space    used 658K, committed 768K, reserved 1048576K
}
Event: 3.142 GC heap before
{Heap before GC invocations=1 (full 0):
 garbage-first heap   total 98304K, used 33508K [0x00000000e0000000, 0x0000000100000000)
  region size 1024K, 32 young (32768K), 3 survivors (3072K)
 Metaspace       used 10284K, committed 10432K, reserved 1114112K
  class space    used 1263K, committed 1344K, reserved 1048576K
}
Event: 3.155 GC heap after
{Heap after GC invocations=2 (full 0):
 garbage-first heap   total 98304K, used 5842K [0x00000000e0000000, 0x0000000100000000)
  region size 1024K, 2 young (2048K), 2 survivors (2048K)
 Metaspace       used 10284K, committed 10432K, reserved 1114112K
  class space    used 1263K, committed 1344K, reserved 1048576K
}
Event: 5.290 GC heap before
{Heap before GC invocations=2 (full 0):
 garbage-first heap   total 98304K, used 62162K [0x00000000e0000000, 0x0000000100000000)
  region size 1024K, 57 young (58368K), 2 survivors (2048K)
 Metaspace       used 14651K, committed 14848K, reserved 1114112K
  class space    used 1756K, committed 1856K, reserved 1048576K
}
Event: 5.334 GC heap after
{Heap after GC invocations=3 (full 0):
 garbage-first heap   total 98304K, used 15360K [0x00000000e0000000, 0x0000000100000000)
  region size 1024K, 8 young (8192K), 8 survivors (8192K)
 Metaspace       used 14651K, committed 14848K, reserved 1114112K
  class space    used 1756K, committed 1856K, reserved 1048576K
}
Event: 6.225 GC heap before
{Heap before GC invocations=3 (full 0):
 garbage-first heap   total 98304K, used 59392K [0x00000000e0000000, 0x0000000100000000)
  region size 1024K, 51 young (52224K), 8 survivors (8192K)
 Metaspace       used 15462K, committed 15680K, reserved 1114112K
  class space    used 1819K, committed 1920K, reserved 1048576K
}
Event: 6.265 GC heap after
{Heap after GC invocations=4 (full 0):
 garbage-first heap   total 98304K, used 22075K [0x00000000e0000000, 0x0000000100000000)
  region size 1024K, 7 young (7168K), 7 survivors (7168K)
 Metaspace       used 15462K, committed 15680K, reserved 1114112K
  class space    used 1819K, committed 1920K, reserved 1048576K
}
Event: 7.081 GC heap before
{Heap before GC invocations=4 (full 0):
 garbage-first heap   total 98304K, used 64059K [0x00000000e0000000, 0x0000000100000000)
  region size 1024K, 48 young (49152K), 7 survivors (7168K)
 Metaspace       used 15822K, committed 16064K, reserved 1114112K
  class space    used 1824K, committed 1920K, reserved 1048576K
}
Event: 7.106 GC heap after
{Heap after GC invocations=5 (full 0):
 garbage-first heap   total 98304K, used 24576K [0x00000000e0000000, 0x0000000100000000)
  region size 1024K, 3 young (3072K), 3 survivors (3072K)
 Metaspace       used 15822K, committed 16064K, reserved 1114112K
  class space    used 1824K, committed 1920K, reserved 1048576K
}
Event: 8.525 GC heap before
{Heap before GC invocations=5 (full 0):
 garbage-first heap   total 98304K, used 82944K [0x00000000e0000000, 0x0000000100000000)
  region size 1024K, 41 young (41984K), 3 survivors (3072K)
 Metaspace       used 17019K, committed 17280K, reserved 1114112K
  class space    used 1934K, committed 2048K, reserved 1048576K
}
Event: 8.539 GC heap after
{Heap after GC invocations=6 (full 0):
 garbage-first heap   total 98304K, used 48640K [0x00000000e0000000, 0x0000000100000000)
  region size 1024K, 6 young (6144K), 6 survivors (6144K)
 Metaspace       used 17019K, committed 17280K, reserved 1114112K
  class space    used 1934K, committed 2048K, reserved 1048576K
}
Event: 8.550 GC heap before
{Heap before GC invocations=6 (full 0):
 garbage-first heap   total 98304K, used 60928K [0x00000000e0000000, 0x0000000100000000)
  region size 1024K, 7 young (7168K), 6 survivors (6144K)
 Metaspace       used 17035K, committed 17280K, reserved 1114112K
  class space    used 1936K, committed 2048K, reserved 1048576K
}
Event: 8.560 GC heap after
{Heap after GC invocations=7 (full 0):
 garbage-first heap   total 98304K, used 29003K [0x00000000e0000000, 0x0000000100000000)
  region size 1024K, 1 young (1024K), 1 survivors (1024K)
 Metaspace       used 17035K, committed 17280K, reserved 1114112K
  class space    used 1936K, committed 2048K, reserved 1048576K
}
Event: 8.562 GC heap before
{Heap before GC invocations=7 (full 0):
 garbage-first heap   total 98304K, used 37195K [0x00000000e0000000, 0x0000000100000000)
  region size 1024K, 2 young (2048K), 1 survivors (1024K)
 Metaspace       used 17035K, committed 17280K, reserved 1114112K
  class space    used 1936K, committed 2048K, reserved 1048576K
}
Event: 8.563 GC heap after
{Heap after GC invocations=8 (full 0):
 garbage-first heap   total 98304K, used 36440K [0x00000000e0000000, 0x0000000100000000)
  region size 1024K, 1 young (1024K), 1 survivors (1024K)
 Metaspace       used 17035K, committed 17280K, reserved 1114112K
  class space    used 1936K, committed 2048K, reserved 1048576K
}
Event: 8.566 GC heap before
{Heap before GC invocations=8 (full 0):
 garbage-first heap   total 98304K, used 48728K [0x00000000e0000000, 0x0000000100000000)
  region size 1024K, 2 young (2048K), 1 survivors (1024K)
 Metaspace       used 17035K, committed 17280K, reserved 1114112K
  class space    used 1936K, committed 2048K, reserved 1048576K
}

Deoptimization events (20 events):
Event: 8.218 Thread 0x000001ed536e58e0 Uncommon trap: trap_request=0xffffffde fr.pc=0x000001ed62b3408c relative=0x000000000000006c
Event: 8.218 Thread 0x000001ed536e58e0 Uncommon trap: reason=class_check action=maybe_recompile pc=0x000001ed62b3408c method=com.google.inject.internal.LinkedBindingImpl.acceptTargetVisitor(Lcom/google/inject/spi/BindingTargetVisitor;)Ljava/lang/Object; @ 2 c2
Event: 8.219 Thread 0x000001ed536e58e0 DEOPT PACKING pc=0x000001ed62b3408c sp=0x00000085239fd570
Event: 8.219 Thread 0x000001ed536e58e0 DEOPT UNPACKING pc=0x000001ed625023a3 sp=0x00000085239fd4f8 mode 2
Event: 8.221 Thread 0x000001ed536e58e0 Uncommon trap: trap_request=0xffffffde fr.pc=0x000001ed62b3408c relative=0x000000000000006c
Event: 8.221 Thread 0x000001ed536e58e0 Uncommon trap: reason=class_check action=maybe_recompile pc=0x000001ed62b3408c method=com.google.inject.internal.LinkedBindingImpl.acceptTargetVisitor(Lcom/google/inject/spi/BindingTargetVisitor;)Ljava/lang/Object; @ 2 c2
Event: 8.221 Thread 0x000001ed536e58e0 DEOPT PACKING pc=0x000001ed62b3408c sp=0x00000085239fd570
Event: 8.221 Thread 0x000001ed536e58e0 DEOPT UNPACKING pc=0x000001ed625023a3 sp=0x00000085239fd4f8 mode 2
Event: 8.259 Thread 0x000001ed536e58e0 Uncommon trap: trap_request=0xfffffff4 fr.pc=0x000001ed62c36244 relative=0x0000000000000864
Event: 8.259 Thread 0x000001ed536e58e0 Uncommon trap: reason=null_check action=make_not_entrant pc=0x000001ed62c36244 method=com.google.inject.internal.InjectorImpl.enterContext()Lcom/google/inject/internal/InternalContext; @ 7 c2
Event: 8.259 Thread 0x000001ed536e58e0 DEOPT PACKING pc=0x000001ed62c36244 sp=0x00000085239fd610
Event: 8.259 Thread 0x000001ed536e58e0 DEOPT UNPACKING pc=0x000001ed625023a3 sp=0x00000085239fd600 mode 2
Event: 8.260 Thread 0x000001ed536e58e0 Uncommon trap: trap_request=0xffffff45 fr.pc=0x000001ed62c67e48 relative=0x00000000000004a8
Event: 8.260 Thread 0x000001ed536e58e0 Uncommon trap: reason=unstable_if action=reinterpret pc=0x000001ed62c67e48 method=java.util.HashMap.keysToArray([Ljava/lang/Object;)[Ljava/lang/Object; @ 9 c2
Event: 8.260 Thread 0x000001ed536e58e0 DEOPT PACKING pc=0x000001ed62c67e48 sp=0x00000085239fced0
Event: 8.260 Thread 0x000001ed536e58e0 DEOPT UNPACKING pc=0x000001ed625023a3 sp=0x00000085239fce88 mode 2
Event: 8.262 Thread 0x000001ed536e58e0 Uncommon trap: trap_request=0xffffff54 fr.pc=0x000001ed62c10004 relative=0x0000000000000344
Event: 8.262 Thread 0x000001ed536e58e0 Uncommon trap: reason=speculate_null_assert action=make_not_entrant pc=0x000001ed62c10004 method=org.eclipse.sisu.inject.RankedBindings$Itr.hasNext()Z @ 80 c2
Event: 8.262 Thread 0x000001ed536e58e0 DEOPT PACKING pc=0x000001ed62c10004 sp=0x00000085239fde40
Event: 8.262 Thread 0x000001ed536e58e0 DEOPT UNPACKING pc=0x000001ed625023a3 sp=0x00000085239fde18 mode 2

Classes unloaded (0 events):
No events

Classes redefined (0 events):
No events

Internal exceptions (20 events):
Event: 3.177 Thread 0x000001ed536e58e0 Exception <a 'java/lang/ExceptionInInitializerError'{0x00000000e5f36f58}> (0x00000000e5f36f58) 
thrown [s\open\src\hotspot\share\oops\instanceKlass.cpp, line 1216]
Event: 3.261 Thread 0x000001ed536e58e0 Implicit null exception at 0x000001ed62ac7caf to 0x000001ed62ac7e0c
Event: 3.268 Thread 0x000001ed536e58e0 Exception <a 'java/lang/NoSuchMethodError'{0x00000000e5e40de8}: 'java.lang.Object java.lang.invoke.Invokers$Holder.invokeExact_MT(java.lang.Object, int, java.lang.Object)'> (0x00000000e5e40de8) 
thrown [s\open\src\hotspot\share\interpreter\linkResolver.cpp, line 759]
Event: 3.285 Thread 0x000001ed536e58e0 Exception <a 'java/lang/NoSuchMethodError'{0x00000000e5e95a10}: 'void java.lang.invoke.DirectMethodHandle$Holder.invokeStatic(java.lang.Object, java.lang.Object)'> (0x00000000e5e95a10) 
thrown [s\open\src\hotspot\share\interpreter\linkResolver.cpp, line 759]
Event: 3.296 Thread 0x000001ed536e58e0 Exception <a 'java/lang/NoSuchMethodError'{0x00000000e5ea5218}: 'int java.lang.invoke.DirectMethodHandle$Holder.invokeSpecial(java.lang.Object, java.lang.Object, java.lang.Object, java.lang.Object)'> (0x00000000e5ea5218) 
thrown [s\open\src\hotspot\share\interpreter\linkResolver.cpp, line 759]
Event: 3.909 Thread 0x000001ed536e58e0 Exception <a 'java/lang/NoClassDefFoundError'{0x00000000e56e83f8}: com/google/inject/servlet/ServletModuleTargetVisitor> (0x00000000e56e83f8) 
thrown [s\open\src\hotspot\share\classfile\systemDictionary.cpp, line 245]
Event: 4.014 Thread 0x000001ed536e58e0 Exception <a 'java/lang/NoSuchMethodError'{0x00000000e54726a0}: 'void java.lang.invoke.DirectMethodHandle$Holder.invokeVirtual(java.lang.Object, java.lang.Object)'> (0x00000000e54726a0) 
thrown [s\open\src\hotspot\share\interpreter\linkResolver.cpp, line 759]
Event: 4.059 Thread 0x000001ed536e58e0 Exception <a 'java/lang/NoSuchMethodError'{0x00000000e54eb840}: 'java.lang.Object java.lang.invoke.DirectMethodHandle$Holder.invokeStaticInit(java.lang.Object, int, int, int, int)'> (0x00000000e54eb840) 
thrown [s\open\src\hotspot\share\interpreter\linkResolver.cpp, line 759]
Event: 4.291 Thread 0x000001ed536e58e0 Implicit null exception at 0x000001ed62a77b72 to 0x000001ed62a7813c
Event: 4.496 Thread 0x000001ed536e58e0 Implicit null exception at 0x000001ed62a884f2 to 0x000001ed62a88acc
Event: 7.500 Thread 0x000001ed536e58e0 Implicit null exception at 0x000001ed62c5e467 to 0x000001ed62c5e794
Event: 7.500 Thread 0x000001ed536e58e0 Implicit null exception at 0x000001ed62c00ce7 to 0x000001ed62c0101c
Event: 7.501 Thread 0x000001ed536e58e0 Implicit null exception at 0x000001ed62a92e8f to 0x000001ed62a92f09
Event: 7.947 Thread 0x000001ed536e58e0 Exception <a 'java/lang/NoSuchMethodError'{0x00000000e45d7070}: 'java.lang.Object java.lang.invoke.DirectMethodHandle$Holder.newInvokeSpecial(java.lang.Object, java.lang.Object, java.lang.Object, java.lang.Object, java.lang.Object, java.lang.Object, java.lang.Object)'> (0x00000000e45d7070) 
thrown [s\open\src\hotspot\share\interpreter\linkResolver.cpp, line 759]
Event: 7.948 Thread 0x000001ed536e58e0 Exception <a 'java/lang/NoSuchMethodError'{0x00000000e45db980}: 'java.lang.Object java.lang.invoke.Invokers$Holder.linkToTargetMethod(java.lang.Object, java.lang.Object, java.lang.Object, java.lang.Object, java.lang.Object, java.lang.Object, java.lang.Object)'> (0x00000000e45db980) 
thrown [s\open\src\hotspot\share\interpreter\linkResolver.cpp, line 759]
Event: 7.953 Thread 0x000001ed536e58e0 Implicit null exception at 0x000001ed62c47506 to 0x000001ed62c4850c
Event: 8.259 Thread 0x000001ed536e58e0 Implicit null exception at 0x000001ed62c35a9b to 0x000001ed62c36234
Event: 8.276 Thread 0x000001ed536e58e0 Exception <a 'java/lang/NoSuchMethodError'{0x00000000e3ddc888}: 'java.lang.Object java.lang.invoke.DirectMethodHandle$Holder.invokeVirtual(java.lang.Object, java.lang.Object, java.lang.Object)'> (0x00000000e3ddc888) 
thrown [s\open\src\hotspot\share\interpreter\linkResolver.cpp, line 759]
Event: 8.278 Thread 0x000001ed536e58e0 Exception <a 'java/lang/NoSuchMethodError'{0x00000000e3de3e80}: 'void java.lang.invoke.DirectMethodHandle$Holder.invokeSpecial(java.lang.Object, java.lang.Object, java.lang.Object, java.lang.Object, java.lang.Object, java.lang.Object)'> (0x00000000e3de3e80) 
thrown [s\open\src\hotspot\share\interpreter\linkResolver.cpp, line 759]
Event: 8.282 Thread 0x000001ed536e58e0 Exception <a 'java/lang/NoSuchMethodError'{0x00000000e3def518}: 'int java.lang.invoke.DirectMethodHandle$Holder.invokeVirtual(java.lang.Object, java.lang.Object)'> (0x00000000e3def518) 
thrown [s\open\src\hotspot\share\interpreter\linkResolver.cpp, line 759]

VM Operations (20 events):
Event: 5.648 Executing VM operation: HandshakeAllThreads done
Event: 5.942 Executing VM operation: ICBufferFull
Event: 5.942 Executing VM operation: ICBufferFull done
Event: 6.225 Executing VM operation: G1CollectForAllocation
Event: 6.265 Executing VM operation: G1CollectForAllocation done
Event: 6.796 Executing VM operation: ICBufferFull
Event: 6.797 Executing VM operation: ICBufferFull done
Event: 7.081 Executing VM operation: G1CollectForAllocation
Event: 7.106 Executing VM operation: G1CollectForAllocation done
Event: 7.962 Executing VM operation: ICBufferFull
Event: 7.962 Executing VM operation: ICBufferFull done
Event: 8.451 Executing VM operation: ICBufferFull
Event: 8.451 Executing VM operation: ICBufferFull done
Event: 8.525 Executing VM operation: G1TryInitiateConcMark
Event: 8.540 Executing VM operation: G1TryInitiateConcMark done
Event: 8.550 Executing VM operation: G1TryInitiateConcMark
Event: 8.560 Executing VM operation: G1TryInitiateConcMark done
Event: 8.562 Executing VM operation: G1TryInitiateConcMark
Event: 8.563 Executing VM operation: G1TryInitiateConcMark done
Event: 8.566 Executing VM operation: G1TryInitiateConcMark

Events (20 events):
Event: 8.199 loading class javax/xml/parsers/ParserConfigurationException
Event: 8.199 loading class javax/xml/parsers/ParserConfigurationException done
Event: 8.199 loading class org/xml/sax/SAXException
Event: 8.199 loading class org/xml/sax/SAXException done
Event: 8.200 loading class org/w3c/dom/Document
Event: 8.200 loading class org/w3c/dom/Document done
Event: 8.200 loading class org/w3c/dom/Element
Event: 8.200 loading class org/w3c/dom/Element done
Event: 8.315 loading class java/net/URISyntaxException
Event: 8.315 loading class java/net/URISyntaxException done
Event: 8.344 loading class jdk/internal/reflect/UnsafeBooleanFieldAccessorImpl
Event: 8.345 loading class jdk/internal/reflect/UnsafeBooleanFieldAccessorImpl done
Event: 8.443 loading class java/nio/file/NoSuchFileException
Event: 8.444 loading class java/nio/file/NoSuchFileException done
Event: 8.465 loading class sun/nio/cs/UTF_8$Encoder
Event: 8.466 loading class sun/nio/cs/UTF_8$Encoder done
Event: 8.547 loading class java/nio/BufferMismatch
Event: 8.548 loading class java/nio/BufferMismatch done
Event: 8.548 loading class java/nio/file/attribute/PosixFileAttributes
Event: 8.549 loading class java/nio/file/attribute/PosixFileAttributes done


Dynamic libraries:
0x00007ff6f0420000 - 0x00007ff6f0430000 	C:\Program Files\Java\jdk-17\bin\java.exe
0x00007ffcccf30000 - 0x00007ffccd148000 	C:\WINDOWS\SYSTEM32\ntdll.dll
0x00007ffccbda0000 - 0x00007ffccbe64000 	C:\WINDOWS\System32\KERNEL32.DLL
0x00007ffcca6b0000 - 0x00007ffccaa83000 	C:\WINDOWS\System32\KERNELBASE.dll
0x00007ffcca3d0000 - 0x00007ffcca4e1000 	C:\WINDOWS\System32\ucrtbase.dll
0x00007ffc9f6a0000 - 0x00007ffc9f6b9000 	C:\Program Files\Java\jdk-17\bin\jli.dll
0x00007ffc9f680000 - 0x00007ffc9f69b000 	C:\Program Files\Java\jdk-17\bin\VCRUNTIME140.dll
0x00007ffccc2f0000 - 0x00007ffccc3a1000 	C:\WINDOWS\System32\ADVAPI32.dll
0x00007ffccb500000 - 0x00007ffccb5a7000 	C:\WINDOWS\System32\msvcrt.dll
0x00007ffccc4c0000 - 0x00007ffccc568000 	C:\WINDOWS\System32\sechost.dll
0x00007ffcca3a0000 - 0x00007ffcca3c8000 	C:\WINDOWS\System32\bcrypt.dll
0x00007ffccc5e0000 - 0x00007ffccc6f8000 	C:\WINDOWS\System32\RPCRT4.dll
0x00007ffccc700000 - 0x00007ffccc8b2000 	C:\WINDOWS\System32\USER32.dll
0x00007ffcbb8e0000 - 0x00007ffcbbb7c000 	C:\WINDOWS\WinSxS\amd64_microsoft.windows.common-controls_6595b64144ccf1df_6.0.22621.6060_none_2712eda17382d24b\COMCTL32.dll
0x00007ffcca0e0000 - 0x00007ffcca106000 	C:\WINDOWS\System32\win32u.dll
0x00007ffccbd70000 - 0x00007ffccbd99000 	C:\WINDOWS\System32\GDI32.dll
0x00007ffcca110000 - 0x00007ffcca22b000 	C:\WINDOWS\System32\gdi32full.dll
0x00007ffcca040000 - 0x00007ffcca0da000 	C:\WINDOWS\System32\msvcp_win.dll
0x00007ffcc3990000 - 0x00007ffcc399a000 	C:\WINDOWS\SYSTEM32\VERSION.dll
0x00007ffccccc0000 - 0x00007ffccccf1000 	C:\WINDOWS\System32\IMM32.DLL
0x00007ffc9f850000 - 0x00007ffc9f85c000 	C:\Program Files\Java\jdk-17\bin\vcruntime140_1.dll
0x00007ffc9f7c0000 - 0x00007ffc9f84e000 	C:\Program Files\Java\jdk-17\bin\msvcp140.dll
0x00007ffc9eaa0000 - 0x00007ffc9f67e000 	C:\Program Files\Java\jdk-17\bin\server\jvm.dll
0x00007ffccc9d0000 - 0x00007ffccc9d8000 	C:\WINDOWS\System32\PSAPI.DLL
0x00007ffcb80b0000 - 0x00007ffcb80b9000 	C:\WINDOWS\SYSTEM32\WSOCK32.dll
0x00007ffcc51a0000 - 0x00007ffcc51d4000 	C:\WINDOWS\SYSTEM32\WINMM.dll
0x00007ffcccd70000 - 0x00007ffcccde1000 	C:\WINDOWS\System32\WS2_32.dll
0x00007ffcc8ff0000 - 0x00007ffcc9008000 	C:\WINDOWS\SYSTEM32\kernel.appcore.dll
0x00007ffcbcf40000 - 0x00007ffcbcf4a000 	C:\Program Files\Java\jdk-17\bin\jimage.dll
0x00007ffcb98c0000 - 0x00007ffcb9af3000 	C:\WINDOWS\SYSTEM32\DBGHELP.DLL
0x00007ffccb710000 - 0x00007ffccbaa1000 	C:\WINDOWS\System32\combase.dll
0x00007ffccbc70000 - 0x00007ffccbd48000 	C:\WINDOWS\System32\OLEAUT32.dll
0x00007ffcb1660000 - 0x00007ffcb1692000 	C:\WINDOWS\SYSTEM32\dbgcore.DLL
0x00007ffccaa90000 - 0x00007ffccab0b000 	C:\WINDOWS\System32\bcryptPrimitives.dll
0x00007ffc9e870000 - 0x00007ffc9e895000 	C:\Program Files\Java\jdk-17\bin\java.dll
0x00007ffc9dd20000 - 0x00007ffc9ddf7000 	C:\Program Files\Java\jdk-17\bin\jsvml.dll
0x00007ffccac60000 - 0x00007ffccb4fc000 	C:\WINDOWS\System32\SHELL32.dll
0x00007ffcca570000 - 0x00007ffcca6af000 	C:\WINDOWS\System32\wintypes.dll
0x00007ffcc7ef0000 - 0x00007ffcc880a000 	C:\WINDOWS\SYSTEM32\windows.storage.dll
0x00007ffccc8c0000 - 0x00007ffccc9c4000 	C:\WINDOWS\System32\SHCORE.dll
0x00007ffcccd00000 - 0x00007ffcccd69000 	C:\WINDOWS\System32\shlwapi.dll
0x00007ffcc9f70000 - 0x00007ffcc9f95000 	C:\WINDOWS\SYSTEM32\profapi.dll
0x00007ffc9e780000 - 0x00007ffc9e799000 	C:\Program Files\Java\jdk-17\bin\net.dll
0x00007ffcc4ab0000 - 0x00007ffcc4bdc000 	C:\WINDOWS\SYSTEM32\WINHTTP.dll
0x00007ffcc94e0000 - 0x00007ffcc9549000 	C:\WINDOWS\system32\mswsock.dll
0x00007ffc9cac0000 - 0x00007ffc9cad6000 	C:\Program Files\Java\jdk-17\bin\nio.dll
0x00007ffc9b870000 - 0x00007ffc9b888000 	C:\Program Files\Java\jdk-17\bin\zip.dll
0x0000000069ac0000 - 0x0000000069ae4000 	C:\apache-maven-3.9.4\lib\jansi-native\Windows\x86_64\jansi.dll
0x00007ffc97730000 - 0x00007ffc97740000 	C:\Program Files\Java\jdk-17\bin\verify.dll

dbghelp: loaded successfully - version: 4.0.5 - missing functions: none
symbol engine: initialized successfully - sym options: 0x614 - pdb path: .;C:\Program Files\Java\jdk-17\bin;C:\WINDOWS\SYSTEM32;C:\WINDOWS\WinSxS\amd64_microsoft.windows.common-controls_6595b64144ccf1df_6.0.22621.6060_none_2712eda17382d24b;C:\Program Files\Java\jdk-17\bin\server;C:\apache-maven-3.9.4\lib\jansi-native\Windows\x86_64

VM Arguments:
jvm_args: -Xmx512m -Dclassworlds.conf=C:\apache-maven-3.9.4\bin\m2.conf -Dmaven.home=C:\apache-maven-3.9.4 -Dlibrary.jansi.path=C:\apache-maven-3.9.4\lib\jansi-native -Dmaven.multiModuleProjectDirectory=D:\Projects\RelocationBuddy\relo_buddy 
java_command: org.codehaus.plexus.classworlds.launcher.Launcher -q -DskipTests package
java_class_path (initial): C:\apache-maven-3.9.4\boot\plexus-classworlds-2.7.0.jar
Launcher Type: SUN_STANDARD

[Global flags]
     intx CICompilerCount                          = 4                                         {product} {ergonomic}
     uint ConcGCThreads                            = 2                                         {product} {ergonomic}
     uint G1ConcRefinementThreads                  = 8                                         {product} {ergonomic}
   size_t G1HeapRegionSize                         = 1048576                                   {product} {ergonomic}
    uintx GCDrainStackTargetSize                   = 64                                        {product} {ergonomic}
   size_t InitialHeapSize                          = 100663296                                 {product} {ergonomic}
   size_t MarkStackSize                            = 4194304                                   {product} {ergonomic}
   size_t MaxHeapSize                              = 536870912                                 {product} {command line}
   size_t MaxNewSize                               = 321912832                                 {product} {ergonomic}
   size_t MinHeapDeltaBytes                        = 1048576                                   {product} {ergonomic}
   size_t MinHeapSize                              = 8388608                                   {product} {ergonomic}
    uintx NonNMethodCodeHeapSize                   = 5839372                                {pd product} {ergonomic}
    uintx NonProfiledCodeHeapSize                  = 122909434                              {pd product} {ergonomic}
    uintx ProfiledCodeHeapSize                     = 122909434                              {pd product} {ergonomic}
    uintx ReservedCodeCacheSize                    = 251658240                              {pd product} {ergonomic}
     bool SegmentedCodeCache                       = true                                      {product} {ergonomic}
   size_t SoftMaxHeapSize                          = 536870912                              {manageable} {ergonomic}
     bool UseCompressedClassPointers               = true                           {product lp64_product} {ergonomic}
     bool UseCompressedOops                        = true                           {product lp64_product} {ergonomic}
     bool UseG1GC                                  = true                                      {product} {ergonomic}
     bool UseLargePagesIndividualAllocation        = false                                  {pd product} {ergonomic}

Logging:
Log output configuration:
 #0: stdout all=warning uptime,level,tags
 #1: stderr all=off uptime,level,tags

Environment Variables:
JAVA_HOME=C:\Program Files\Java\jdk-17
PATH=C:\Users\Admin\AppData\Roaming\nvm;C:\Python312\Scripts\;C:\Python312\;C:\Program Files\Java\jdk-17\bin;C:\app\Admin\product\21c\dbhomeXE\bin;C:\Program Files\Common Files\Oracle\Java\javapath;C:\WINDOWS\system32;C:\WINDOWS;C:\WINDOWS\System32\Wbem;C:\WINDOWS\System32\WindowsPowerShell\v1.0\;C:\WINDOWS\System32\OpenSSH\;C:\MinGW\bin;C:\apache-maven-3.9.4\bin;C:\Program Files\MySQL\MySQL Server 8.0\bin;C:\ProgramData\chocolatey\bin;C:\Users\Admin\AppData\Roaming\nvm;C:\Program Files\nodejs;C:\Program Files\Git\cmd;C:\Program Files\Docker\Docker\resources\bin;C:\Program Files\MongoDB\Server\8.0\bin;C:\Program Files\Kubernetes\Minikube;;C:\minikube;C:\Program Files\nodejs\;C:\Program Files\MySQL\MySQL Shell 8.0\bin\;C:\Users\Admin\AppData\Local\Microsoft\WindowsApps;C:\Users\Admin\AppData\Local\Programs\Microsoft VS Code\bin;C:\Program Files\Java\jdk-17\bin;C:\Users\Admin\AppData\Roaming\nvm;C:\Program Files\nodejs;C:\Program Files\JetBrains\IntelliJ IDEA 2024.3\bin;;C:\Program Files\JetBrains\IntelliJ IDEA Community Edition 2024.3\bin;;C:\Users\Admin\AppData\Roaming\npm;C:\Users\Admin\AppData\Local\Programs\cursor\resources\app\bin
USERNAME=Admin
OS=Windows_NT
PROCESSOR_IDENTIFIER=AMD64 Family 23 Model 24 Stepping 1, AuthenticAMD



---------------  S Y S T E M  ---------------

OS:
 Windows 11 , 64 bit Build 22621 (10.0.22621.5415)
OS uptime: 3 days 4:41 hours
Hyper-V role detected

CPU: total 8 (initial active 8) (8 cores per cpu, 2 threads per core) family 23 model 24 stepping 1 microcode 0x0, cx8, cmov, fxsr, ht, mmx, 3dnowpref, sse, sse2, sse3, ssse3, sse4a, sse4.1, sse4.2, popcnt, lzcnt, tsc, tscinvbit, avx, avx2, aes, clmul, bmi1, bmi2, adx, sha, fma, vzeroupper, clflush, clflushopt, hv

Memory: 4k page, system-wide physical 6020M (310M free)
TotalPageFile size 18168M (AvailPageFile size 93M)
current process WorkingSet (physical memory assigned to process): 194M, peak: 197M
current process commit charge ("private bytes"): 235M, peak: 365M

vm_info: Java HotSpot(TM) 64-Bit Server VM (17.0.8+9-LTS-211) for windows-amd64 JRE (17.0.8+9-LTS-211), built on Jun 14 2023 10:34:31 by "mach5one" with MS VC++ 17.1 (VS2022)

END.
